#-----------------------------------------------------------
# Vivado v2017.1 (64-bit)
# SW Build 1846317 on Fri Apr 14 18:55:03 MDT 2017
# IP Build 1846188 on Fri Apr 14 20:52:08 MDT 2017
# Start of session at: Sat Sep  8 15:45:00 2018
# Process ID: 7884
# Current directory: C:/College/Thesis/AES_2018/aes256 - pipetest
# Command line: vivado.exe -gui_launcher_event rodinguilauncherevent11956 C:\College\Thesis\AES_2018\aes256 - pipetest\aes128.xpr
# Log file: C:/College/Thesis/AES_2018/aes256 - pipetest/vivado.log
# Journal file: C:/College/Thesis/AES_2018/aes256 - pipetest\vivado.jou
#-----------------------------------------------------------
start_gui
open_project {C:/College/Thesis/AES_2018/aes256 - pipetest/aes128.xpr}
update_compile_order -fileset sources_1
reset_run synth_1
launch_runs impl_1 -to_step write_bitstream -jobs 2
wait_on_run impl_1
reset_run synth_1
launch_runs impl_1 -to_step write_bitstream -jobs 2
wait_on_run impl_1
open_hw
connect_hw_server -url localhost:3121
current_hw_target [get_hw_targets */xilinx_tcf/Digilent/210274592278A]
set_property PARAM.FREQUENCY 15000000 [get_hw_targets */xilinx_tcf/Digilent/210274592278A]
open_hw_target
set_property PROGRAM.FILE {C:/College/Thesis/AES_2018/aes256 - pipetest/aes128.runs/impl_1/AES_TOP.bit} [get_hw_devices xc7a100t_0]
current_hw_device [get_hw_devices xc7a100t_0]
refresh_hw_device -update_hw_probes false [lindex [get_hw_devices xc7a100t_0] 0]
set_property PROBES.FILE {} [get_hw_devices xc7a100t_0]
set_property FULL_PROBES.FILE {} [get_hw_devices xc7a100t_0]
set_property PROGRAM.FILE {C:/College/Thesis/AES_2018/aes256 - pipetest/aes128.runs/impl_1/AES_TOP.bit} [get_hw_devices xc7a100t_0]
program_hw_devices [get_hw_devices xc7a100t_0]
refresh_hw_device [lindex [get_hw_devices xc7a100t_0] 0]
