Copyright 1986-2017 Xilinx, Inc. All Rights Reserved.
------------------------------------------------------------------------------------
| Tool Version : Vivado v.2017.1 (win64) Build 1846317 Fri Apr 14 18:55:03 MDT 2017
| Date         : Sat Mar 10 22:47:15 2018
| Host         : DESKTOP-F64LM88 running 64-bit major release  (build 9200)
| Command      : report_control_sets -verbose -file top_control_sets_placed.rpt
| Design       : top
| Device       : xc7a100t
------------------------------------------------------------------------------------

Control Set Information

Table of Contents
-----------------
1. Summary
2. Flip-Flop Distribution
3. Detailed Control Set Information

1. Summary
----------

+----------------------------------------------------------+-------+
|                          Status                          | Count |
+----------------------------------------------------------+-------+
| Number of unique control sets                            |    46 |
| Unused register locations in slices containing registers |    51 |
+----------------------------------------------------------+-------+


2. Flip-Flop Distribution
-------------------------

+--------------+-----------------------+------------------------+-----------------+--------------+
| Clock Enable | Synchronous Set/Reset | Asynchronous Set/Reset | Total Registers | Total Slices |
+--------------+-----------------------+------------------------+-----------------+--------------+
| No           | No                    | No                     |            2806 |         1635 |
| No           | No                    | Yes                    |              23 |           10 |
| No           | Yes                   | No                     |               0 |            0 |
| Yes          | No                    | No                     |               0 |            0 |
| Yes          | No                    | Yes                    |             136 |           54 |
| Yes          | Yes                   | No                     |              24 |            8 |
+--------------+-----------------------+------------------------+-----------------+--------------+


3. Detailed Control Set Information
-----------------------------------

+------------------------------------------------+---------------------------+---------------------------+------------------+----------------+
|                  Clock Signal                  |       Enable Signal       |      Set/Reset Signal     | Slice Load Count | Bel Load Count |
+------------------------------------------------+---------------------------+---------------------------+------------------+----------------+
|  AES1/ledDone_reg_i_2_n_1                      |                           |                           |                1 |              1 |
|  clk_IBUF_BUFG                                 |                           |                           |                2 |              4 |
|  clk_IBUF_BUFG                                 | U1/bit_count              | U1/bit_count_reg[3]_0     |                2 |              4 |
|  AES1/FSM_sequential_next_state_reg[4]_i_2_n_1 |                           |                           |                2 |              5 |
|  clk_IBUF_BUFG                                 | U1/tx_buff[19][5]_i_2_n_1 | U1/tx_buff[19][5]_i_1_n_1 |                2 |              6 |
|  clk_IBUF_BUFG                                 | U1/tx_buff[18][5]_i_2_n_1 | U1/tx_buff[18][5]_i_1_n_1 |                2 |              6 |
|  clk_IBUF_BUFG                                 | U1/tx_buff[17][5]_i_2_n_1 | U1/tx_buff[17][5]_i_1_n_1 |                2 |              6 |
|  clk_IBUF_BUFG                                 | U1/tx_buff[16][5]_i_2_n_1 | U1/tx_buff[16][5]_i_1_n_1 |                2 |              6 |
|  clk_IBUF_BUFG                                 | U1/byte_count             | U1/bit_count_reg[3]_0     |                4 |              6 |
|  clk_IBUF_BUFG                                 | U1/tx_buff[3][6]_i_1_n_1  | U1/bit_count_reg[3]_0     |                3 |              7 |
|  clk_IBUF_BUFG                                 | U1/tx_buff[4][6]_i_1_n_1  | U1/bit_count_reg[3]_0     |                2 |              7 |
|  clk_IBUF_BUFG                                 | U1/tx_buff[8][6]_i_1_n_1  | U1/bit_count_reg[3]_0     |                2 |              7 |
|  clk_IBUF_BUFG                                 | U1/tx_buff[6][6]_i_1_n_1  | U1/bit_count_reg[3]_0     |                2 |              7 |
|  clk_IBUF_BUFG                                 | U1/tx_buff[5][6]_i_1_n_1  | U1/bit_count_reg[3]_0     |                2 |              7 |
|  clk_IBUF_BUFG                                 | U1/tx_buff[7][6]_i_1_n_1  | U1/bit_count_reg[3]_0     |                5 |              7 |
|  clk_IBUF_BUFG                                 | U1/tx_buff[9][6]_i_1_n_1  | U1/bit_count_reg[3]_0     |                4 |              7 |
|  clk_IBUF_BUFG                                 | U1/tx_buff[12][6]_i_1_n_1 | U1/bit_count_reg[3]_0     |                2 |              7 |
|  clk_IBUF_BUFG                                 | U1/tx_buff[0][6]_i_1_n_1  | U1/bit_count_reg[3]_0     |                2 |              7 |
|  clk_IBUF_BUFG                                 | U1/tx_buff[10][6]_i_1_n_1 | U1/bit_count_reg[3]_0     |                4 |              7 |
|  clk_IBUF_BUFG                                 | U1/tx_buff[11][6]_i_1_n_1 | U1/bit_count_reg[3]_0     |                2 |              7 |
|  clk_IBUF_BUFG                                 | U1/tx_buff[13][6]_i_1_n_1 | U1/bit_count_reg[3]_0     |                2 |              7 |
|  clk_IBUF_BUFG                                 | U1/tx_buff[15][6]_i_1_n_1 | U1/bit_count_reg[3]_0     |                4 |              7 |
|  clk_IBUF_BUFG                                 | U1/tx_buff[1][6]_i_1_n_1  | U1/bit_count_reg[3]_0     |                3 |              7 |
|  clk_IBUF_BUFG                                 | U1/tx_buff[14][6]_i_1_n_1 | U1/bit_count_reg[3]_0     |                3 |              7 |
|  clk_IBUF_BUFG                                 | U1/tx_buff[2][6]_i_1_n_1  | U1/bit_count_reg[3]_0     |                3 |              7 |
|  clk_IBUF_BUFG                                 | U1/p_3_in                 | U1/bit_count_reg[3]_0     |                3 |             14 |
|  clk_IBUF_BUFG                                 |                           | U1/bit_count_reg[3]_0     |               10 |             23 |
|  l                                             |                           |                           |               50 |            108 |
|  AES1/d1                                       |                           |                           |               87 |            128 |
|  AES1/d                                        |                           |                           |               71 |            128 |
|  AES1/tempRow1                                 |                           |                           |              128 |            128 |
|  AES1/tempStart3                               |                           |                           |               68 |            128 |
|  AES1/w4                                       |                           |                           |               62 |            128 |
|  AES1/w1                                       |                           |                           |               55 |            128 |
|  AES1/w2                                       |                           |                           |               82 |            128 |
|  tempRow3                                      |                           |                           |              128 |            128 |
|  tempStart2                                    |                           |                           |               69 |            128 |
|  tempRow2                                      |                           |                           |              128 |            128 |
|  AES1/tempStart1                               |                           |                           |               60 |            128 |
|  n_0_7674_BUFG                                 |                           |                           |               41 |            128 |
|  d2                                            |                           |                           |               79 |            128 |
|  d3                                            |                           |                           |               91 |            128 |
|  w3                                            |                           |                           |               66 |            128 |
|  l3                                            |                           |                           |              123 |            256 |
|  l2                                            |                           |                           |              125 |            256 |
|  l1                                            |                           |                           |              117 |            256 |
+------------------------------------------------+---------------------------+---------------------------+------------------+----------------+


+--------+-----------------------+
| Fanout | Number of ControlSets |
+--------+-----------------------+
| 1      |                     1 |
| 4      |                     2 |
| 5      |                     1 |
| 6      |                     5 |
| 7      |                    16 |
| 14     |                     1 |
| 16+    |                    20 |
+--------+-----------------------+


