Copyright 1986-2017 Xilinx, Inc. All Rights Reserved.
------------------------------------------------------------------------------------
| Tool Version : Vivado v.2017.1 (win64) Build 1846317 Fri Apr 14 18:55:03 MDT 2017
| Date         : Thu Sep 13 02:37:31 2018
| Host         : DESKTOP-GJPCRJL running 64-bit major release  (build 9200)
| Command      : report_control_sets -verbose -file top_control_sets_placed.rpt
| Design       : top
| Device       : xc7a100t
------------------------------------------------------------------------------------

Control Set Information

Table of Contents
-----------------
1. Summary
2. Flip-Flop Distribution
3. Detailed Control Set Information

1. Summary
----------

+----------------------------------------------------------+-------+
|                          Status                          | Count |
+----------------------------------------------------------+-------+
| Number of unique control sets                            |   169 |
| Unused register locations in slices containing registers |   308 |
+----------------------------------------------------------+-------+


2. Flip-Flop Distribution
-------------------------

+--------------+-----------------------+------------------------+-----------------+--------------+
| Clock Enable | Synchronous Set/Reset | Asynchronous Set/Reset | Total Registers | Total Slices |
+--------------+-----------------------+------------------------+-----------------+--------------+
| No           | No                    | No                     |              45 |           43 |
| No           | No                    | Yes                    |              58 |           46 |
| No           | Yes                   | No                     |               1 |            1 |
| Yes          | No                    | No                     |            2432 |         1130 |
| Yes          | No                    | Yes                    |            4012 |         2852 |
| Yes          | Yes                   | No                     |              24 |            8 |
+--------------+-----------------------+------------------------+-----------------+--------------+


3. Detailed Control Set Information
-----------------------------------

+--------------------------------------+------------------------------+-------------------------------------+------------------+----------------+
|             Clock Signal             |         Enable Signal        |           Set/Reset Signal          | Slice Load Count | Bel Load Count |
+--------------------------------------+------------------------------+-------------------------------------+------------------+----------------+
|  KC0/keyAddrCount_reg[5]_LDC_i_1_n_0 |                              | KC0/keyAddrCount_reg[5]_LDC_i_2_n_0 |                1 |              1 |
|  clkIn_IBUF_BUFG                     | U0/p_3_in                    | AES0/r1_reg_reg[80]_0               |                1 |              1 |
|  clkIn_IBUF_BUFG                     |                              | AES0/r9_reg_reg[42]_0               |                1 |              1 |
|  clkIn_IBUF_BUFG                     |                              | KB0/keyOut_reg[1764]_0              |                1 |              1 |
|  clkIn_IBUF_BUFG                     |                              | KB0/keyOut_reg[263]_0               |                1 |              1 |
|  clkIn_IBUF_BUFG                     |                              | KB0/keyOut_reg[89]_0                |                1 |              1 |
|  clkIn_IBUF_BUFG                     |                              | KB0/keyOut_reg[334]_0               |                1 |              1 |
|  clkIn_IBUF_BUFG                     |                              | KB0/keyOut_reg[526]_0               |                2 |              2 |
|  clkIn_IBUF_BUFG                     |                              | KB0/keyOut_reg[1061]_0              |                2 |              2 |
|  clkIn_IBUF_BUFG                     | AES0/E[0]                    | KB0/keyOut_reg[263]_0               |                2 |              2 |
|  clkIn_IBUF_BUFG                     |                              | KB0/keyOut_reg[216]_0               |                2 |              3 |
|  clkIn_IBUF_BUFG                     |                              | AES0/r5_reg_reg[63]_0               |                2 |              3 |
|  clkIn_IBUF_BUFG                     |                              | KB0/keyOut_reg[436]_0               |                3 |              3 |
|  clkIn_IBUF_BUFG                     |                              | KB0/keyOut_reg[1482]_0              |                2 |              3 |
|  clkIn_IBUF_BUFG                     |                              | KB0/keyOut_reg[1614]_0              |                3 |              3 |
|  clkIn_IBUF_BUFG                     |                              | KB0/keyOut_reg[1479]_0              |                3 |              3 |
|  clkIn_IBUF_BUFG                     |                              | KB0/keyOut_reg[968]_0               |                4 |              4 |
|  clkIn_IBUF_BUFG                     | KC0/keyAddrCount[7]_i_1_n_0  | KC0/keyAddrCount_reg[5]_LDC_i_2_n_0 |                3 |              4 |
|  clkIn_IBUF_BUFG                     | KC0/keyAddrCount[7]_i_1_n_0  | KC0/keyAddrCount_reg[5]_LDC_i_1_n_0 |                1 |              4 |
|  clkIn_IBUF_BUFG                     | KC0/keyAddrCount[7]_i_1_n_0  | AES0/r9_reg_reg[42]_0               |                3 |              4 |
|  clkIn_IBUF_BUFG                     |                              | KB0/keyOut_reg[669]_0               |                4 |              4 |
|  clkIn_IBUF_BUFG                     | U0/bit_count                 | U0/baud_count[12]_i_3_n_0           |                2 |              4 |
|  clkIn_IBUF_BUFG                     |                              | KB0/keyOut_reg[1556]_0              |                5 |              5 |
|  clkIn_IBUF_BUFG                     | AES0/E[0]                    | KB0/keyOut_reg[1479]_0              |                5 |              5 |
|  clkIn_IBUF_BUFG                     | AES0/E[0]                    | KB0/keyOut_reg[968]_0               |                5 |              5 |
|  clkIn_IBUF_BUFG                     | U0/tx_buff[17][5]_i_2_n_0    | U0/tx_buff[17][5]_i_1_n_0           |                3 |              6 |
|  clkIn_IBUF_BUFG                     | U0/tx_buff[16][5]_i_2_n_0    | U0/tx_buff[16][5]_i_1_n_0           |                1 |              6 |
|  clkIn_IBUF_BUFG                     | U0/byte_count                | U0/baud_count[12]_i_3_n_0           |                3 |              6 |
|  clkIn_IBUF_BUFG                     | KC0/keyOut_reg[1919]_0[0]    | KB0/keyOut_reg[1914]_0              |                1 |              6 |
|  clkIn_IBUF_BUFG                     | U0/tx_buff[18][5]_i_2_n_0    | U0/tx_buff[18][5]_i_1_n_0           |                2 |              6 |
|  clkIn_IBUF_BUFG                     | DC0/dataOut_reg[127][0]      | KB0/keyOut_reg[1914]_0              |                2 |              6 |
|  clkIn_IBUF_BUFG                     | AES0/E[0]                    | KB0/keyOut_reg[436]_0               |                6 |              6 |
|  clkIn_IBUF_BUFG                     | U0/tx_buff[19][5]_i_2_n_0    | U0/tx_buff[19][5]_i_1_n_0           |                2 |              6 |
|  clkIn_IBUF_BUFG                     | U0/tx_buff[4][6]_i_1_n_0     | U0/baud_count[12]_i_3_n_0           |                4 |              7 |
|  clkIn_IBUF_BUFG                     | AES0/E[0]                    | KB0/keyOut_reg[1614]_0              |                6 |              7 |
|  clkIn_IBUF_BUFG                     | U0/tx_buff[5][6]_i_1_n_0     | U0/baud_count[12]_i_3_n_0           |                4 |              7 |
|  clkIn_IBUF_BUFG                     | U0/tx_buff[1][6]_i_1_n_0     | U0/baud_count[12]_i_3_n_0           |                3 |              7 |
|  clkIn_IBUF_BUFG                     | U0/tx_buff[2][6]_i_1_n_0     | U0/baud_count[12]_i_3_n_0           |                2 |              7 |
|  clkIn_IBUF_BUFG                     | U0/tx_buff[3][6]_i_1_n_0     | U0/baud_count[12]_i_3_n_0           |                3 |              7 |
|  clkIn_IBUF_BUFG                     | U0/tx_buff[6][6]_i_1_n_0     | U0/baud_count[12]_i_3_n_0           |                2 |              7 |
|  clkIn_IBUF_BUFG                     | U0/tx_buff[9][6]_i_1_n_0     | U0/baud_count[12]_i_3_n_0           |                2 |              7 |
|  clkIn_IBUF_BUFG                     | U0/tx_buff[8][6]_i_1_n_0     | U0/baud_count[12]_i_3_n_0           |                3 |              7 |
|  clkIn_IBUF_BUFG                     | U0/tx_buff[7][6]_i_1_n_0     | U0/baud_count[12]_i_3_n_0           |                3 |              7 |
|  clkIn_IBUF_BUFG                     | U0/tx_buff[13][6]_i_1_n_0    | U0/baud_count[12]_i_3_n_0           |                4 |              7 |
|  clkIn_IBUF_BUFG                     | U0/tx_buff[0][6]_i_1_n_0     | U0/baud_count[12]_i_3_n_0           |                2 |              7 |
|  clkIn_IBUF_BUFG                     | U0/tx_buff[14][6]_i_1_n_0    | U0/baud_count[12]_i_3_n_0           |                3 |              7 |
|  clkIn_IBUF_BUFG                     | U0/tx_buff[11][6]_i_1_n_0    | U0/baud_count[12]_i_3_n_0           |                3 |              7 |
|  clkIn_IBUF_BUFG                     | U0/tx_buff[12][6]_i_1_n_0    | U0/baud_count[12]_i_3_n_0           |                3 |              7 |
|  clkIn_IBUF_BUFG                     | U0/tx_buff[10][6]_i_1_n_0    | U0/baud_count[12]_i_3_n_0           |                3 |              7 |
|  clkIn_IBUF_BUFG                     | U0/tx_buff[15][6]_i_1_n_0    | U0/baud_count[12]_i_3_n_0           |                3 |              7 |
|  clkIn_IBUF_BUFG                     | AES0/E[0]                    | KB0/keyOut_reg[1556]_0              |                8 |              8 |
|  clkIn_IBUF_BUFG                     | DC0/dataAddrCount[7]_i_1_n_0 | AES0/r9_reg_reg[42]_0               |                4 |              8 |
|  clkIn_IBUF_BUFG                     | AES0/E[0]                    | KB0/keyOut_reg[669]_0               |                9 |              9 |
|  clkIn_IBUF_BUFG                     | U0/p_3_in                    | U0/baud_count[12]_i_3_n_0           |                4 |             13 |
|  clkIn_IBUF_BUFG                     |                              | U0/baud_count[12]_i_3_n_0           |                9 |             18 |
|  clkIn_IBUF_BUFG                     | AES0/E[0]                    | KB0/keyOut_reg[206]_0               |               27 |             30 |
|  clkIn_IBUF_BUFG                     | KC0/RAM_reg[54][31][0]       |                                     |               17 |             32 |
|  clkIn_IBUF_BUFG                     | KC0/RAM_reg[8][31][0]        |                                     |               19 |             32 |
|  clkIn_IBUF_BUFG                     | KC0/RAM_reg[41][31][0]       |                                     |               13 |             32 |
|  clkIn_IBUF_BUFG                     | KC0/RAM_reg[0][31][0]        |                                     |                9 |             32 |
|  clkIn_IBUF_BUFG                     | KC0/RAM_reg[29][31][0]       |                                     |               15 |             32 |
|  clkIn_IBUF_BUFG                     | KC0/RAM_reg[4][31][0]        |                                     |               12 |             32 |
|  clkIn_IBUF_BUFG                     | KC0/RAM_reg[52][31][0]       |                                     |                9 |             32 |
|  clkIn_IBUF_BUFG                     | KC0/RAM_reg[37][31][0]       |                                     |               17 |             32 |
|  clkIn_IBUF_BUFG                     | KC0/RAM_reg[17][31][0]       |                                     |               13 |             32 |
|  clkIn_IBUF_BUFG                     | KC0/RAM_reg[30][31][0]       |                                     |               19 |             32 |
|  clkIn_IBUF_BUFG                     | KC0/RAM_reg[39][31][0]       |                                     |               14 |             32 |
|  clkIn_IBUF_BUFG                     | KC0/RAM_reg[50][31][0]       |                                     |               17 |             32 |
|  clkIn_IBUF_BUFG                     | KC0/RAM_reg[51][31][0]       |                                     |               18 |             32 |
|  clkIn_IBUF_BUFG                     | KC0/RAM_reg[24][31][0]       |                                     |                8 |             32 |
|  clkIn_IBUF_BUFG                     | KC0/RAM_reg[18][31][0]       |                                     |               19 |             32 |
|  clkIn_IBUF_BUFG                     | KC0/E[0]                     |                                     |                9 |             32 |
|  clkIn_IBUF_BUFG                     | KC0/RAM_reg[10][31][0]       |                                     |               21 |             32 |
|  clkIn_IBUF_BUFG                     | KC0/RAM_reg[12][31][0]       |                                     |               14 |             32 |
|  clkIn_IBUF_BUFG                     | KC0/RAM_reg[15][31][0]       |                                     |               18 |             32 |
|  clkIn_IBUF_BUFG                     | KC0/RAM_reg[16][31][0]       |                                     |               13 |             32 |
|  clkIn_IBUF_BUFG                     | KC0/RAM_reg[19][31][0]       |                                     |               12 |             32 |
|  clkIn_IBUF_BUFG                     | KC0/RAM_reg[20][31][0]       |                                     |                9 |             32 |
|  clkIn_IBUF_BUFG                     | KC0/RAM_reg[22][31][0]       |                                     |                8 |             32 |
|  clkIn_IBUF_BUFG                     | KC0/RAM_reg[25][31][0]       |                                     |               15 |             32 |
|  clkIn_IBUF_BUFG                     | KC0/RAM_reg[11][31][0]       |                                     |               21 |             32 |
|  clkIn_IBUF_BUFG                     | KC0/RAM_reg[14][31][0]       |                                     |               16 |             32 |
|  clkIn_IBUF_BUFG                     | KC0/RAM_reg[1][31][0]        |                                     |               18 |             32 |
|  clkIn_IBUF_BUFG                     | KC0/RAM_reg[2][31][0]        |                                     |               14 |             32 |
|  clkIn_IBUF_BUFG                     | KC0/RAM_reg[35][31][0]       |                                     |               15 |             32 |
|  clkIn_IBUF_BUFG                     | KC0/RAM_reg[13][31][0]       |                                     |               19 |             32 |
|  clkIn_IBUF_BUFG                     | KC0/RAM_reg[36][31][0]       |                                     |               15 |             32 |
|  clkIn_IBUF_BUFG                     | KC0/RAM_reg[31][31][0]       |                                     |               19 |             32 |
|  clkIn_IBUF_BUFG                     | KC0/RAM_reg[40][31][0]       |                                     |               14 |             32 |
|  clkIn_IBUF_BUFG                     | KC0/RAM_reg[42][31][0]       |                                     |               18 |             32 |
|  clkIn_IBUF_BUFG                     | KC0/RAM_reg[26][31][0]       |                                     |               14 |             32 |
|  clkIn_IBUF_BUFG                     | KC0/RAM_reg[43][31][0]       |                                     |               22 |             32 |
|  clkIn_IBUF_BUFG                     | KC0/RAM_reg[45][31][0]       |                                     |               19 |             32 |
|  clkIn_IBUF_BUFG                     | KC0/RAM_reg[3][31][0]        |                                     |               16 |             32 |
|  clkIn_IBUF_BUFG                     | KC0/RAM_reg[46][31][0]       |                                     |               16 |             32 |
|  clkIn_IBUF_BUFG                     | KC0/RAM_reg[47][31][0]       |                                     |               21 |             32 |
|  clkIn_IBUF_BUFG                     | KC0/RAM_reg[28][31][0]       |                                     |               13 |             32 |
|  clkIn_IBUF_BUFG                     | KC0/RAM_reg[44][31][0]       |                                     |               11 |             32 |
|  clkIn_IBUF_BUFG                     | KC0/RAM_reg[49][31][0]       |                                     |               17 |             32 |
|  clkIn_IBUF_BUFG                     | KC0/RAM_reg[56][31][0]       |                                     |               13 |             32 |
|  clkIn_IBUF_BUFG                     | KC0/RAM_reg[57][31][0]       |                                     |               14 |             32 |
|  clkIn_IBUF_BUFG                     | KC0/RAM_reg[33][31][0]       |                                     |               18 |             32 |
|  clkIn_IBUF_BUFG                     | KC0/RAM_reg[58][31][0]       |                                     |               15 |             32 |
|  clkIn_IBUF_BUFG                     | KC0/RAM_reg[5][31][0]        |                                     |               16 |             32 |
|  clkIn_IBUF_BUFG                     | KC0/RAM_reg[27][31][0]       |                                     |               18 |             32 |
|  clkIn_IBUF_BUFG                     | KC0/RAM_reg[48][31][0]       |                                     |               18 |             32 |
|  clkIn_IBUF_BUFG                     | DC0/E[0]                     |                                     |               18 |             32 |
|  clkIn_IBUF_BUFG                     | DC0/RAM_reg[0][31][0]        |                                     |                7 |             32 |
|  clkIn_IBUF_BUFG                     | DC0/RAM_reg[1][31][0]        |                                     |               14 |             32 |
|  clkIn_IBUF_BUFG                     | KC0/RAM_reg[6][31][0]        |                                     |               12 |             32 |
|  clkIn_IBUF_BUFG                     | DC0/RAM_reg[11][31][0]       |                                     |               13 |             32 |
|  clkIn_IBUF_BUFG                     | DC0/RAM_reg[13][31][0]       |                                     |               10 |             32 |
|  clkIn_IBUF_BUFG                     | DC0/RAM_reg[7][31][0]        |                                     |               14 |             32 |
|  clkIn_IBUF_BUFG                     | DC0/RAM_reg[6][0][0]         |                                     |               19 |             32 |
|  clkIn_IBUF_BUFG                     | DC0/RAM_reg[2][31][0]        |                                     |               13 |             32 |
|  clkIn_IBUF_BUFG                     | DC0/RAM_reg[14][31][0]       |                                     |               13 |             32 |
|  clkIn_IBUF_BUFG                     | DC0/RAM_reg[3][31][0]        |                                     |               16 |             32 |
|  clkIn_IBUF_BUFG                     | DC0/RAM_reg[9][31][0]        |                                     |               14 |             32 |
|  clkIn_IBUF_BUFG                     | DC0/RAM_reg[4][31][0]        |                                     |                8 |             32 |
|  clkIn_IBUF_BUFG                     | DC0/RAM_reg[5][31][0]        |                                     |               12 |             32 |
|  clkIn_IBUF_BUFG                     | DC0/RAM_reg[12][31][0]       |                                     |                9 |             32 |
|  clkIn_IBUF_BUFG                     | DC0/RAM_reg[8][31][0]        |                                     |                8 |             32 |
|  clkIn_IBUF_BUFG                     | KC0/RAM_reg[9][31][0]        |                                     |               10 |             32 |
|  clkIn_IBUF_BUFG                     | KC0/RAM_reg[55][31][0]       |                                     |               17 |             32 |
|  clkIn_IBUF_BUFG                     | KC0/RAM_reg[38][31][0]       |                                     |               19 |             32 |
|  clkIn_IBUF_BUFG                     | KC0/RAM_reg[34][31][0]       |                                     |               20 |             32 |
|  clkIn_IBUF_BUFG                     | DC0/RAM_reg[10][0][0]        |                                     |               11 |             32 |
|  clkIn_IBUF_BUFG                     | KC0/RAM_reg[21][31][0]       |                                     |               19 |             32 |
|  clkIn_IBUF_BUFG                     | KC0/RAM_reg[23][31][0]       |                                     |               20 |             32 |
|  clkIn_IBUF_BUFG                     | KC0/RAM_reg[7][31][0]        |                                     |               15 |             32 |
|  clkIn_IBUF_BUFG                     | KC0/RAM_reg[32][31][0]       |                                     |               17 |             32 |
|  clkIn_IBUF_BUFG                     | KC0/RAM_reg[53][31][0]       |                                     |               14 |             32 |
|  clkIn_IBUF_BUFG                     | AES0/E[0]                    | KB0/keyOut_reg[89]_0                |               29 |             33 |
|  clkIn_IBUF_BUFG                     | AES0/E[0]                    | KB0/keyOut_reg[216]_0               |               31 |             34 |
|  clkIn_IBUF_BUFG                     | AES0/E[0]                    | KB0/keyOut_reg[1061]_0              |               36 |             39 |
|  clkIn_IBUF_BUFG                     |                              |                                     |               43 |             45 |
|  clkIn_IBUF_BUFG                     | KC0/keyOut_reg[1919]_0[0]    | AES0/r5_reg_reg[63]_0               |               32 |             49 |
|  clkIn_IBUF_BUFG                     | AES0/E[0]                    | KB0/keyOut_reg[1482]_0              |               47 |             50 |
|  clkIn_IBUF_BUFG                     | AES0/E[0]                    | KB0/keyOut_reg[526]_0               |               38 |             50 |
|  clkIn_IBUF_BUFG                     | AES0/E[0]                    | KB0/keyOut_reg[334]_0               |               50 |             55 |
|  clkIn_IBUF_BUFG                     | DC0/dataOut_reg[127][0]      | KB0/keyOut_reg[1764]_0              |               32 |             60 |
|  clkIn_IBUF_BUFG                     | KC0/keyOut_reg[1919]_0[0]    | KB0/keyOut_reg[1852]_0              |               28 |             62 |
|  clkIn_IBUF_BUFG                     | DC0/dataOut_reg[127][0]      | KB0/keyOut_reg[1852]_0              |               33 |             62 |
|  clkIn_IBUF_BUFG                     | KC0/keyOut_reg[1919]_0[0]    | KB0/keyOut_reg[1764]_0              |               44 |             63 |
|  clkIn_IBUF_BUFG                     | KC0/keyOut_reg[1919]_0[0]    | KB0/keyOut_reg[334]_0               |               46 |             68 |
|  clkIn_IBUF_BUFG                     | KC0/keyOut_reg[1919]_0[0]    | KB0/keyOut_reg[1482]_0              |               43 |             71 |
|  clkIn_IBUF_BUFG                     | KC0/keyOut_reg[1919]_0[0]    | KB0/keyOut_reg[526]_0               |               50 |             72 |
|  clkIn_IBUF_BUFG                     | AES0/E[0]                    | AES0/r5_reg_reg[63]_0               |               61 |             72 |
|  clkIn_IBUF_BUFG                     | KC0/keyOut_reg[1919]_0[0]    | KB0/keyOut_reg[1061]_0              |               57 |             83 |
|  clkIn_IBUF_BUFG                     | KC0/keyOut_reg[1919]_0[0]    | KB0/keyOut_reg[216]_0               |               68 |             87 |
|  clkIn_IBUF_BUFG                     | KC0/keyOut_reg[1919]_0[0]    | KB0/keyOut_reg[89]_0                |               47 |             90 |
|  clkIn_IBUF_BUFG                     | KC0/keyOut_reg[1919]_0[0]    | KB0/keyOut_reg[206]_0               |               55 |             94 |
|  clkIn_IBUF_BUFG                     | KC0/keyOut_reg[1919]_0[0]    | KB0/keyOut_reg[669]_0               |               70 |            111 |
|  clkIn_IBUF_BUFG                     | AES0/E[0]                    | AES0/r9_reg_reg[42]_0               |               99 |            111 |
|  clkIn_IBUF_BUFG                     | KC0/keyOut_reg[1919]_0[0]    | KB0/keyOut_reg[1556]_0              |               65 |            111 |
|  clkIn_IBUF_BUFG                     | KC0/keyOut_reg[1919]_0[0]    | KB0/keyOut_reg[1614]_0              |               79 |            114 |
|  clkIn_IBUF_BUFG                     | KC0/keyOut_reg[1919]_0[0]    | KB0/keyOut_reg[436]_0               |               71 |            115 |
|  clkIn_IBUF_BUFG                     | KC0/keyOut_reg[1919]_0[0]    | KB0/keyOut_reg[968]_0               |               81 |            115 |
|  clkIn_IBUF_BUFG                     | KC0/keyOut_reg[1919]_0[0]    | KB0/keyOut_reg[1479]_0              |               82 |            116 |
|  clkIn_IBUF_BUFG                     | KC0/keyOut_reg[1919]_0[0]    | KB0/keyOut_reg[263]_0               |               72 |            121 |
|  clkIn_IBUF_BUFG                     | KC0/keyOut_reg[1919]_0[0]    | KB0/keyOut[633]_i_1_n_0             |               62 |            124 |
|  clkIn_IBUF_BUFG                     | KC0/keyOut_reg[1919]_0[0]    | KB0/keyOut[1114]_i_1_n_0            |               79 |            124 |
|  clkIn_IBUF_BUFG                     | AES0/E[0]                    | AES0/r2_reg[23]_i_2_n_0             |               95 |            124 |
|  clkIn_IBUF_BUFG                     | AES0/E[0]                    | AES0/r1_reg[59]_i_2_n_0             |              104 |            124 |
|  clkIn_IBUF_BUFG                     | AES0/E[0]                    | AES0/r0_reg[39]_i_2_n_0             |               92 |            124 |
|  clkIn_IBUF_BUFG                     | AES0/E[0]                    | AES0/r5_reg[62]_i_2_n_0             |              107 |            124 |
|  clkIn_IBUF_BUFG                     | AES0/E[0]                    | AES0/r2_reg[78]_i_2_n_0             |              109 |            124 |
|  clkIn_IBUF_BUFG                     | KC0/keyOut_reg[1919]_0[0]    | KB0/keyOut[1495]_i_1_n_0            |               68 |            124 |
|  clkIn_IBUF_BUFG                     | AES0/E[0]                    | AES0/r1_reg_reg[80]_0               |              551 |            672 |
+--------------------------------------+------------------------------+-------------------------------------+------------------+----------------+


+--------+-----------------------+
| Fanout | Number of ControlSets |
+--------+-----------------------+
| 1      |                     7 |
| 2      |                     3 |
| 3      |                     6 |
| 4      |                     6 |
| 5      |                     3 |
| 6      |                     8 |
| 7      |                    17 |
| 8      |                     2 |
| 9      |                     1 |
| 13     |                     1 |
| 16+    |                   115 |
+--------+-----------------------+


