Copyright 1986-2017 Xilinx, Inc. All Rights Reserved.
-------------------------------------------------------------------------------------------------------------------------------
| Tool Version     : Vivado v.2017.1 (win64) Build 1846317 Fri Apr 14 18:55:03 MDT 2017
| Date             : Thu Sep 13 14:00:39 2018
| Host             : DESKTOP-GJPCRJL running 64-bit major release  (build 9200)
| Command          : report_power -file top_power_routed.rpt -pb top_power_summary_routed.pb -rpx top_power_routed.rpx
| Design           : top
| Device           : xc7a100tcsg324-1
| Design State     : routed
| Grade            : commercial
| Process          : typical
| Characterization : Production
-------------------------------------------------------------------------------------------------------------------------------

Power Report

Table of Contents
-----------------
1. Summary
1.1 On-Chip Components
1.2 Power Supply Summary
1.3 Confidence Level
2. Settings
2.1 Environment
2.2 Clock Constraints
3. Detailed Reports
3.1 By Hierarchy

1. Summary
----------

+--------------------------+-----------------------------------+
| Total On-Chip Power (W)  | 780.295 (Junction temp exceeded!) |
| Dynamic (W)              | 779.420                           |
| Device Static (W)        | 0.875                             |
| Effective TJA (C/W)      | 4.6                               |
| Max Ambient (C)          | 0.0                               |
| Junction Temperature (C) | 125.0                             |
| Confidence Level         | Low                               |
| Setting File             | ---                               |
| Simulation Activity File | ---                               |
| Design Nets Matched      | NA                                |
+--------------------------+-----------------------------------+


1.1 On-Chip Components
----------------------

+----------------+-----------+----------+-----------+-----------------+
| On-Chip        | Power (W) | Used     | Available | Utilization (%) |
+----------------+-----------+----------+-----------+-----------------+
| Slice Logic    |   384.048 |    32488 |       --- |             --- |
|   LUT as Logic |   368.438 |    18346 |     63400 |           28.94 |
|   F7/F8 Muxes  |    14.163 |     5646 |     63400 |            8.91 |
|   Register     |     1.435 |     6482 |    126800 |            5.11 |
|   BUFG         |     0.006 |        1 |        32 |            3.13 |
|   CARRY4       |     0.002 |        3 |     15850 |            0.02 |
|   Others       |     0.000 |      370 |       --- |             --- |
| Signals        |   385.941 |    22036 |       --- |             --- |
| Block RAM      |     9.204 |       85 |       135 |           62.96 |
| I/O            |     0.232 |        7 |       210 |            3.33 |
| Static Power   |     0.875 |          |           |                 |
| Total          |   780.301 |          |           |                 |
+----------------+-----------+----------+-----------+-----------------+


1.2 Power Supply Summary
------------------------

+-----------+-------------+-----------+-------------+------------+
| Source    | Voltage (V) | Total (A) | Dynamic (A) | Static (A) |
+-----------+-------------+-----------+-------------+------------+
| Vccint    |       1.000 |   779.079 |     778.465 |      0.614 |
| Vccaux    |       1.800 |     0.101 |       0.008 |      0.093 |
| Vcco33    |       3.300 |     0.066 |       0.062 |      0.004 |
| Vcco25    |       2.500 |     0.000 |       0.000 |      0.000 |
| Vcco18    |       1.800 |     0.000 |       0.000 |      0.000 |
| Vcco15    |       1.500 |     0.000 |       0.000 |      0.000 |
| Vcco135   |       1.350 |     0.000 |       0.000 |      0.000 |
| Vcco12    |       1.200 |     0.000 |       0.000 |      0.000 |
| Vccaux_io |       1.800 |     0.000 |       0.000 |      0.000 |
| Vccbram   |       1.000 |     0.780 |       0.735 |      0.045 |
| MGTAVcc   |       1.000 |     0.000 |       0.000 |      0.000 |
| MGTAVtt   |       1.200 |     0.000 |       0.000 |      0.000 |
| Vccadc    |       1.800 |     0.020 |       0.000 |      0.020 |
+-----------+-------------+-----------+-------------+------------+


1.3 Confidence Level
--------------------

+-----------------------------+------------+--------------------------------------------------------+--------------------------------------------------------------------------------------------------------------------+
| User Input Data             | Confidence | Details                                                | Action                                                                                                             |
+-----------------------------+------------+--------------------------------------------------------+--------------------------------------------------------------------------------------------------------------------+
| Design implementation state | High       | Design is routed                                       |                                                                                                                    |
| Clock nodes activity        | Low        | User specified less than 75% of clocks                 | Provide missing clock activity with a constraint file, simulation results or by editing the "By Clock Domain" view |
| I/O nodes activity          | Low        | More than 75% of inputs are missing user specification | Provide missing input activity with simulation results or by editing the "By Resource Type -> I/Os" view           |
| Internal nodes activity     | Medium     | User specified less than 25% of internal nodes         | Provide missing internal nodes activity with simulation results or by editing the "By Resource Type" views         |
| Device models               | High       | Device models are Production                           |                                                                                                                    |
|                             |            |                                                        |                                                                                                                    |
| Overall confidence level    | Low        |                                                        |                                                                                                                    |
+-----------------------------+------------+--------------------------------------------------------+--------------------------------------------------------------------------------------------------------------------+


2. Settings
-----------

2.1 Environment
---------------

+-----------------------+--------------------------+
| Ambient Temp (C)      | 25.0                     |
| ThetaJA (C/W)         | 4.6                      |
| Airflow (LFM)         | 250                      |
| Heat Sink             | medium (Medium Profile)  |
| ThetaSA (C/W)         | 4.6                      |
| Board Selection       | medium (10"x10")         |
| # of Board Layers     | 12to15 (12 to 15 Layers) |
| Board Temperature (C) | 25.0                     |
+-----------------------+--------------------------+


2.2 Clock Constraints
---------------------

+-------+--------+-----------------+
| Clock | Domain | Constraint (ns) |
+-------+--------+-----------------+


3. Detailed Reports
-------------------

3.1 By Hierarchy
----------------

+----------------------------------------------------+-----------+
| Name                                               | Power (W) |
+----------------------------------------------------+-----------+
| top                                                |   779.426 |
|   AES0                                             |   764.719 |
|     r1                                             |    32.850 |
|       t1                                           |    32.850 |
|         ISB0                                       |     0.144 |
|           U0                                       |     0.144 |
|             inst_blk_mem_gen                       |     0.144 |
|               gnbram.gnativebmg.native_blk_mem_gen |     0.144 |
|                 valid.cstr                         |     0.144 |
|                   ramloop[0].ram.r                 |     0.144 |
|                     prim_init.ram                  |     0.144 |
|         ISB1                                       |     0.108 |
|           U0                                       |     0.108 |
|             inst_blk_mem_gen                       |     0.108 |
|               gnbram.gnativebmg.native_blk_mem_gen |     0.108 |
|                 valid.cstr                         |     0.108 |
|                   ramloop[0].ram.r                 |     0.108 |
|                     prim_init.ram                  |     0.108 |
|         ISB2                                       |     0.107 |
|           U0                                       |     0.107 |
|             inst_blk_mem_gen                       |     0.107 |
|               gnbram.gnativebmg.native_blk_mem_gen |     0.107 |
|                 valid.cstr                         |     0.107 |
|                   ramloop[0].ram.r                 |     0.107 |
|                     prim_init.ram                  |     0.107 |
|         ISB3                                       |     0.089 |
|           U0                                       |     0.089 |
|             inst_blk_mem_gen                       |     0.089 |
|               gnbram.gnativebmg.native_blk_mem_gen |     0.089 |
|                 valid.cstr                         |     0.089 |
|                   ramloop[0].ram.r                 |     0.089 |
|                     prim_init.ram                  |     0.089 |
|         ISB4                                       |     0.108 |
|           U0                                       |     0.108 |
|             inst_blk_mem_gen                       |     0.108 |
|               gnbram.gnativebmg.native_blk_mem_gen |     0.108 |
|                 valid.cstr                         |     0.108 |
|                   ramloop[0].ram.r                 |     0.108 |
|                     prim_init.ram                  |     0.108 |
|         ISB5                                       |     0.092 |
|           U0                                       |     0.092 |
|             inst_blk_mem_gen                       |     0.092 |
|               gnbram.gnativebmg.native_blk_mem_gen |     0.092 |
|                 valid.cstr                         |     0.092 |
|                   ramloop[0].ram.r                 |     0.092 |
|                     prim_init.ram                  |     0.092 |
|         SB0                                        |     0.143 |
|           U0                                       |     0.143 |
|             inst_blk_mem_gen                       |     0.143 |
|               gnbram.gnativebmg.native_blk_mem_gen |     0.143 |
|                 valid.cstr                         |     0.143 |
|                   ramloop[0].ram.r                 |     0.143 |
|                     prim_init.ram                  |     0.143 |
|         SB1                                        |     0.122 |
|           U0                                       |     0.122 |
|             inst_blk_mem_gen                       |     0.122 |
|               gnbram.gnativebmg.native_blk_mem_gen |     0.122 |
|                 valid.cstr                         |     0.122 |
|                   ramloop[0].ram.r                 |     0.122 |
|                     prim_init.ram                  |     0.122 |
|         SB2                                        |     0.113 |
|           U0                                       |     0.113 |
|             inst_blk_mem_gen                       |     0.113 |
|               gnbram.gnativebmg.native_blk_mem_gen |     0.113 |
|                 valid.cstr                         |     0.113 |
|                   ramloop[0].ram.r                 |     0.113 |
|                     prim_init.ram                  |     0.113 |
|         SB3                                        |     0.099 |
|           U0                                       |     0.099 |
|             inst_blk_mem_gen                       |     0.099 |
|               gnbram.gnativebmg.native_blk_mem_gen |     0.099 |
|                 valid.cstr                         |     0.099 |
|                   ramloop[0].ram.r                 |     0.099 |
|                     prim_init.ram                  |     0.099 |
|         SB4                                        |     0.105 |
|           U0                                       |     0.105 |
|             inst_blk_mem_gen                       |     0.105 |
|               gnbram.gnativebmg.native_blk_mem_gen |     0.105 |
|                 valid.cstr                         |     0.105 |
|                   ramloop[0].ram.r                 |     0.105 |
|                     prim_init.ram                  |     0.105 |
|         SB5                                        |     0.117 |
|           U0                                       |     0.117 |
|             inst_blk_mem_gen                       |     0.117 |
|               gnbram.gnativebmg.native_blk_mem_gen |     0.117 |
|                 valid.cstr                         |     0.117 |
|                   ramloop[0].ram.r                 |     0.117 |
|                     prim_init.ram                  |     0.117 |
|         q10                                        |     0.291 |
|         q11                                        |     0.513 |
|         q12                                        |     0.295 |
|         q13                                        |     0.592 |
|         q14                                        |     0.305 |
|         q15                                        |     0.827 |
|         q6                                         |     0.295 |
|         q7                                         |     0.765 |
|         q8                                         |     0.322 |
|         q9                                         |     0.606 |
|     r10                                            |    34.477 |
|       t1                                           |    34.477 |
|         ISB0                                       |     0.113 |
|           U0                                       |     0.113 |
|             inst_blk_mem_gen                       |     0.113 |
|               gnbram.gnativebmg.native_blk_mem_gen |     0.113 |
|                 valid.cstr                         |     0.113 |
|                   ramloop[0].ram.r                 |     0.113 |
|                     prim_init.ram                  |     0.113 |
|         ISB1                                       |     0.109 |
|           U0                                       |     0.109 |
|             inst_blk_mem_gen                       |     0.109 |
|               gnbram.gnativebmg.native_blk_mem_gen |     0.109 |
|                 valid.cstr                         |     0.109 |
|                   ramloop[0].ram.r                 |     0.109 |
|                     prim_init.ram                  |     0.109 |
|         ISB2                                       |     0.124 |
|           U0                                       |     0.124 |
|             inst_blk_mem_gen                       |     0.124 |
|               gnbram.gnativebmg.native_blk_mem_gen |     0.124 |
|                 valid.cstr                         |     0.124 |
|                   ramloop[0].ram.r                 |     0.124 |
|                     prim_init.ram                  |     0.124 |
|         ISB3                                       |     0.089 |
|           U0                                       |     0.089 |
|             inst_blk_mem_gen                       |     0.089 |
|               gnbram.gnativebmg.native_blk_mem_gen |     0.089 |
|                 valid.cstr                         |     0.089 |
|                   ramloop[0].ram.r                 |     0.089 |
|                     prim_init.ram                  |     0.089 |
|         ISB4                                       |     0.130 |
|           U0                                       |     0.130 |
|             inst_blk_mem_gen                       |     0.130 |
|               gnbram.gnativebmg.native_blk_mem_gen |     0.130 |
|                 valid.cstr                         |     0.130 |
|                   ramloop[0].ram.r                 |     0.130 |
|                     prim_init.ram                  |     0.130 |
|         ISB5                                       |     0.088 |
|           U0                                       |     0.088 |
|             inst_blk_mem_gen                       |     0.088 |
|               gnbram.gnativebmg.native_blk_mem_gen |     0.088 |
|                 valid.cstr                         |     0.088 |
|                   ramloop[0].ram.r                 |     0.088 |
|                     prim_init.ram                  |     0.088 |
|         SB0                                        |     0.122 |
|           U0                                       |     0.122 |
|             inst_blk_mem_gen                       |     0.122 |
|               gnbram.gnativebmg.native_blk_mem_gen |     0.122 |
|                 valid.cstr                         |     0.122 |
|                   ramloop[0].ram.r                 |     0.122 |
|                     prim_init.ram                  |     0.122 |
|         SB1                                        |     0.110 |
|           U0                                       |     0.110 |
|             inst_blk_mem_gen                       |     0.110 |
|               gnbram.gnativebmg.native_blk_mem_gen |     0.110 |
|                 valid.cstr                         |     0.110 |
|                   ramloop[0].ram.r                 |     0.110 |
|                     prim_init.ram                  |     0.110 |
|         SB2                                        |     0.116 |
|           U0                                       |     0.116 |
|             inst_blk_mem_gen                       |     0.116 |
|               gnbram.gnativebmg.native_blk_mem_gen |     0.116 |
|                 valid.cstr                         |     0.116 |
|                   ramloop[0].ram.r                 |     0.116 |
|                     prim_init.ram                  |     0.116 |
|         SB3                                        |     0.092 |
|           U0                                       |     0.092 |
|             inst_blk_mem_gen                       |     0.092 |
|               gnbram.gnativebmg.native_blk_mem_gen |     0.092 |
|                 valid.cstr                         |     0.092 |
|                   ramloop[0].ram.r                 |     0.092 |
|                     prim_init.ram                  |     0.092 |
|         SB4                                        |     0.115 |
|           U0                                       |     0.115 |
|             inst_blk_mem_gen                       |     0.115 |
|               gnbram.gnativebmg.native_blk_mem_gen |     0.115 |
|                 valid.cstr                         |     0.115 |
|                   ramloop[0].ram.r                 |     0.115 |
|                     prim_init.ram                  |     0.115 |
|         SB5                                        |     0.103 |
|           U0                                       |     0.103 |
|             inst_blk_mem_gen                       |     0.103 |
|               gnbram.gnativebmg.native_blk_mem_gen |     0.103 |
|                 valid.cstr                         |     0.103 |
|                   ramloop[0].ram.r                 |     0.103 |
|                     prim_init.ram                  |     0.103 |
|         q10                                        |     0.342 |
|         q11                                        |     0.660 |
|         q12                                        |     0.331 |
|         q13                                        |     0.685 |
|         q14                                        |     0.323 |
|         q15                                        |     1.053 |
|         q6                                         |     0.353 |
|         q7                                         |     1.043 |
|         q8                                         |     0.372 |
|         q9                                         |     0.768 |
|     r11                                            |    34.435 |
|       t1                                           |    34.435 |
|         ISB0                                       |     0.157 |
|           U0                                       |     0.157 |
|             inst_blk_mem_gen                       |     0.157 |
|               gnbram.gnativebmg.native_blk_mem_gen |     0.157 |
|                 valid.cstr                         |     0.157 |
|                   ramloop[0].ram.r                 |     0.157 |
|                     prim_init.ram                  |     0.157 |
|         ISB1                                       |     0.099 |
|           U0                                       |     0.099 |
|             inst_blk_mem_gen                       |     0.099 |
|               gnbram.gnativebmg.native_blk_mem_gen |     0.099 |
|                 valid.cstr                         |     0.099 |
|                   ramloop[0].ram.r                 |     0.099 |
|                     prim_init.ram                  |     0.099 |
|         ISB2                                       |     0.164 |
|           U0                                       |     0.164 |
|             inst_blk_mem_gen                       |     0.164 |
|               gnbram.gnativebmg.native_blk_mem_gen |     0.164 |
|                 valid.cstr                         |     0.164 |
|                   ramloop[0].ram.r                 |     0.164 |
|                     prim_init.ram                  |     0.164 |
|         ISB3                                       |     0.106 |
|           U0                                       |     0.106 |
|             inst_blk_mem_gen                       |     0.106 |
|               gnbram.gnativebmg.native_blk_mem_gen |     0.106 |
|                 valid.cstr                         |     0.106 |
|                   ramloop[0].ram.r                 |     0.106 |
|                     prim_init.ram                  |     0.106 |
|         ISB4                                       |     0.108 |
|           U0                                       |     0.108 |
|             inst_blk_mem_gen                       |     0.108 |
|               gnbram.gnativebmg.native_blk_mem_gen |     0.108 |
|                 valid.cstr                         |     0.108 |
|                   ramloop[0].ram.r                 |     0.108 |
|                     prim_init.ram                  |     0.108 |
|         ISB5                                       |     0.118 |
|           U0                                       |     0.118 |
|             inst_blk_mem_gen                       |     0.118 |
|               gnbram.gnativebmg.native_blk_mem_gen |     0.118 |
|                 valid.cstr                         |     0.118 |
|                   ramloop[0].ram.r                 |     0.118 |
|                     prim_init.ram                  |     0.118 |
|         SB0                                        |     0.167 |
|           U0                                       |     0.167 |
|             inst_blk_mem_gen                       |     0.167 |
|               gnbram.gnativebmg.native_blk_mem_gen |     0.167 |
|                 valid.cstr                         |     0.167 |
|                   ramloop[0].ram.r                 |     0.167 |
|                     prim_init.ram                  |     0.167 |
|         SB1                                        |     0.108 |
|           U0                                       |     0.108 |
|             inst_blk_mem_gen                       |     0.108 |
|               gnbram.gnativebmg.native_blk_mem_gen |     0.108 |
|                 valid.cstr                         |     0.108 |
|                   ramloop[0].ram.r                 |     0.108 |
|                     prim_init.ram                  |     0.108 |
|         SB2                                        |     0.173 |
|           U0                                       |     0.173 |
|             inst_blk_mem_gen                       |     0.173 |
|               gnbram.gnativebmg.native_blk_mem_gen |     0.173 |
|                 valid.cstr                         |     0.173 |
|                   ramloop[0].ram.r                 |     0.173 |
|                     prim_init.ram                  |     0.173 |
|         SB3                                        |     0.106 |
|           U0                                       |     0.106 |
|             inst_blk_mem_gen                       |     0.106 |
|               gnbram.gnativebmg.native_blk_mem_gen |     0.106 |
|                 valid.cstr                         |     0.106 |
|                   ramloop[0].ram.r                 |     0.106 |
|                     prim_init.ram                  |     0.106 |
|         SB4                                        |     0.106 |
|           U0                                       |     0.106 |
|             inst_blk_mem_gen                       |     0.106 |
|               gnbram.gnativebmg.native_blk_mem_gen |     0.106 |
|                 valid.cstr                         |     0.106 |
|                   ramloop[0].ram.r                 |     0.106 |
|                     prim_init.ram                  |     0.106 |
|         SB5                                        |     0.123 |
|           U0                                       |     0.123 |
|             inst_blk_mem_gen                       |     0.123 |
|               gnbram.gnativebmg.native_blk_mem_gen |     0.123 |
|                 valid.cstr                         |     0.123 |
|                   ramloop[0].ram.r                 |     0.123 |
|                     prim_init.ram                  |     0.123 |
|         q10                                        |     0.325 |
|         q11                                        |     0.662 |
|         q12                                        |     0.336 |
|         q13                                        |     0.645 |
|         q14                                        |     0.342 |
|         q15                                        |     0.709 |
|         q6                                         |     0.354 |
|         q7                                         |     0.649 |
|         q8                                         |     0.348 |
|         q9                                         |     0.744 |
|     r12                                            |    35.367 |
|       t1                                           |    35.367 |
|         ISB0                                       |     0.387 |
|           U0                                       |     0.387 |
|             inst_blk_mem_gen                       |     0.387 |
|               gnbram.gnativebmg.native_blk_mem_gen |     0.387 |
|                 valid.cstr                         |     0.387 |
|                   ramloop[0].ram.r                 |     0.387 |
|                     prim_init.ram                  |     0.387 |
|         ISB1                                       |     0.133 |
|           U0                                       |     0.133 |
|             inst_blk_mem_gen                       |     0.133 |
|               gnbram.gnativebmg.native_blk_mem_gen |     0.133 |
|                 valid.cstr                         |     0.133 |
|                   ramloop[0].ram.r                 |     0.133 |
|                     prim_init.ram                  |     0.133 |
|         ISB2                                       |     0.121 |
|           U0                                       |     0.121 |
|             inst_blk_mem_gen                       |     0.121 |
|               gnbram.gnativebmg.native_blk_mem_gen |     0.121 |
|                 valid.cstr                         |     0.121 |
|                   ramloop[0].ram.r                 |     0.121 |
|                     prim_init.ram                  |     0.121 |
|         ISB3                                       |     0.109 |
|           U0                                       |     0.109 |
|             inst_blk_mem_gen                       |     0.109 |
|               gnbram.gnativebmg.native_blk_mem_gen |     0.109 |
|                 valid.cstr                         |     0.109 |
|                   ramloop[0].ram.r                 |     0.109 |
|                     prim_init.ram                  |     0.109 |
|         ISB4                                       |     0.134 |
|           U0                                       |     0.134 |
|             inst_blk_mem_gen                       |     0.134 |
|               gnbram.gnativebmg.native_blk_mem_gen |     0.134 |
|                 valid.cstr                         |     0.134 |
|                   ramloop[0].ram.r                 |     0.134 |
|                     prim_init.ram                  |     0.134 |
|         ISB5                                       |     0.122 |
|           U0                                       |     0.122 |
|             inst_blk_mem_gen                       |     0.122 |
|               gnbram.gnativebmg.native_blk_mem_gen |     0.122 |
|                 valid.cstr                         |     0.122 |
|                   ramloop[0].ram.r                 |     0.122 |
|                     prim_init.ram                  |     0.122 |
|         SB0                                        |     0.204 |
|           U0                                       |     0.204 |
|             inst_blk_mem_gen                       |     0.204 |
|               gnbram.gnativebmg.native_blk_mem_gen |     0.204 |
|                 valid.cstr                         |     0.204 |
|                   ramloop[0].ram.r                 |     0.204 |
|                     prim_init.ram                  |     0.204 |
|         SB1                                        |     0.152 |
|           U0                                       |     0.152 |
|             inst_blk_mem_gen                       |     0.152 |
|               gnbram.gnativebmg.native_blk_mem_gen |     0.152 |
|                 valid.cstr                         |     0.152 |
|                   ramloop[0].ram.r                 |     0.152 |
|                     prim_init.ram                  |     0.152 |
|         SB2                                        |     0.124 |
|           U0                                       |     0.124 |
|             inst_blk_mem_gen                       |     0.124 |
|               gnbram.gnativebmg.native_blk_mem_gen |     0.124 |
|                 valid.cstr                         |     0.124 |
|                   ramloop[0].ram.r                 |     0.124 |
|                     prim_init.ram                  |     0.124 |
|         SB3                                        |     0.121 |
|           U0                                       |     0.121 |
|             inst_blk_mem_gen                       |     0.121 |
|               gnbram.gnativebmg.native_blk_mem_gen |     0.121 |
|                 valid.cstr                         |     0.121 |
|                   ramloop[0].ram.r                 |     0.121 |
|                     prim_init.ram                  |     0.121 |
|         SB4                                        |     0.146 |
|           U0                                       |     0.146 |
|             inst_blk_mem_gen                       |     0.146 |
|               gnbram.gnativebmg.native_blk_mem_gen |     0.146 |
|                 valid.cstr                         |     0.146 |
|                   ramloop[0].ram.r                 |     0.146 |
|                     prim_init.ram                  |     0.146 |
|         SB5                                        |     0.123 |
|           U0                                       |     0.123 |
|             inst_blk_mem_gen                       |     0.123 |
|               gnbram.gnativebmg.native_blk_mem_gen |     0.123 |
|                 valid.cstr                         |     0.123 |
|                   ramloop[0].ram.r                 |     0.123 |
|                     prim_init.ram                  |     0.123 |
|         q10                                        |     0.308 |
|         q11                                        |     0.673 |
|         q12                                        |     0.354 |
|         q13                                        |     0.655 |
|         q14                                        |     0.330 |
|         q15                                        |     0.728 |
|         q6                                         |     0.365 |
|         q7                                         |     0.871 |
|         q8                                         |     0.349 |
|         q9                                         |     0.624 |
|     r13                                            |    35.539 |
|       t1                                           |    35.539 |
|         ISB0                                       |     0.121 |
|           U0                                       |     0.121 |
|             inst_blk_mem_gen                       |     0.121 |
|               gnbram.gnativebmg.native_blk_mem_gen |     0.121 |
|                 valid.cstr                         |     0.121 |
|                   ramloop[0].ram.r                 |     0.121 |
|                     prim_init.ram                  |     0.121 |
|         ISB1                                       |     0.120 |
|           U0                                       |     0.120 |
|             inst_blk_mem_gen                       |     0.120 |
|               gnbram.gnativebmg.native_blk_mem_gen |     0.120 |
|                 valid.cstr                         |     0.120 |
|                   ramloop[0].ram.r                 |     0.120 |
|                     prim_init.ram                  |     0.120 |
|         ISB2                                       |     0.113 |
|           U0                                       |     0.113 |
|             inst_blk_mem_gen                       |     0.113 |
|               gnbram.gnativebmg.native_blk_mem_gen |     0.113 |
|                 valid.cstr                         |     0.113 |
|                   ramloop[0].ram.r                 |     0.113 |
|                     prim_init.ram                  |     0.113 |
|         ISB3                                       |     0.107 |
|           U0                                       |     0.107 |
|             inst_blk_mem_gen                       |     0.107 |
|               gnbram.gnativebmg.native_blk_mem_gen |     0.107 |
|                 valid.cstr                         |     0.107 |
|                   ramloop[0].ram.r                 |     0.107 |
|                     prim_init.ram                  |     0.107 |
|         ISB4                                       |     0.139 |
|           U0                                       |     0.139 |
|             inst_blk_mem_gen                       |     0.139 |
|               gnbram.gnativebmg.native_blk_mem_gen |     0.139 |
|                 valid.cstr                         |     0.139 |
|                   ramloop[0].ram.r                 |     0.139 |
|                     prim_init.ram                  |     0.139 |
|         ISB5                                       |     0.117 |
|           U0                                       |     0.117 |
|             inst_blk_mem_gen                       |     0.117 |
|               gnbram.gnativebmg.native_blk_mem_gen |     0.117 |
|                 valid.cstr                         |     0.117 |
|                   ramloop[0].ram.r                 |     0.117 |
|                     prim_init.ram                  |     0.117 |
|         SB0                                        |     0.120 |
|           U0                                       |     0.120 |
|             inst_blk_mem_gen                       |     0.120 |
|               gnbram.gnativebmg.native_blk_mem_gen |     0.120 |
|                 valid.cstr                         |     0.120 |
|                   ramloop[0].ram.r                 |     0.120 |
|                     prim_init.ram                  |     0.120 |
|         SB1                                        |     0.122 |
|           U0                                       |     0.122 |
|             inst_blk_mem_gen                       |     0.122 |
|               gnbram.gnativebmg.native_blk_mem_gen |     0.122 |
|                 valid.cstr                         |     0.122 |
|                   ramloop[0].ram.r                 |     0.122 |
|                     prim_init.ram                  |     0.122 |
|         SB2                                        |     0.117 |
|           U0                                       |     0.117 |
|             inst_blk_mem_gen                       |     0.117 |
|               gnbram.gnativebmg.native_blk_mem_gen |     0.117 |
|                 valid.cstr                         |     0.117 |
|                   ramloop[0].ram.r                 |     0.117 |
|                     prim_init.ram                  |     0.117 |
|         SB3                                        |     0.115 |
|           U0                                       |     0.115 |
|             inst_blk_mem_gen                       |     0.115 |
|               gnbram.gnativebmg.native_blk_mem_gen |     0.115 |
|                 valid.cstr                         |     0.115 |
|                   ramloop[0].ram.r                 |     0.115 |
|                     prim_init.ram                  |     0.115 |
|         SB4                                        |     0.144 |
|           U0                                       |     0.144 |
|             inst_blk_mem_gen                       |     0.144 |
|               gnbram.gnativebmg.native_blk_mem_gen |     0.144 |
|                 valid.cstr                         |     0.144 |
|                   ramloop[0].ram.r                 |     0.144 |
|                     prim_init.ram                  |     0.144 |
|         SB5                                        |     0.137 |
|           U0                                       |     0.137 |
|             inst_blk_mem_gen                       |     0.137 |
|               gnbram.gnativebmg.native_blk_mem_gen |     0.137 |
|                 valid.cstr                         |     0.137 |
|                   ramloop[0].ram.r                 |     0.137 |
|                     prim_init.ram                  |     0.137 |
|         q10                                        |     0.348 |
|         q11                                        |     0.626 |
|         q12                                        |     0.373 |
|         q13                                        |     0.746 |
|         q14                                        |     0.401 |
|         q15                                        |     0.919 |
|         q6                                         |     0.353 |
|         q7                                         |     0.976 |
|         q8                                         |     0.348 |
|         q9                                         |     0.614 |
|     r14                                            |     5.565 |
|       t1                                           |     5.565 |
|         ISB0                                       |     0.079 |
|           U0                                       |     0.079 |
|             inst_blk_mem_gen                       |     0.079 |
|               gnbram.gnativebmg.native_blk_mem_gen |     0.079 |
|                 valid.cstr                         |     0.079 |
|                   ramloop[0].ram.r                 |     0.079 |
|                     prim_init.ram                  |     0.079 |
|         ISB1                                       |     0.081 |
|           U0                                       |     0.081 |
|             inst_blk_mem_gen                       |     0.081 |
|               gnbram.gnativebmg.native_blk_mem_gen |     0.081 |
|                 valid.cstr                         |     0.081 |
|                   ramloop[0].ram.r                 |     0.081 |
|                     prim_init.ram                  |     0.081 |
|         ISB2                                       |     0.073 |
|           U0                                       |     0.073 |
|             inst_blk_mem_gen                       |     0.073 |
|               gnbram.gnativebmg.native_blk_mem_gen |     0.073 |
|                 valid.cstr                         |     0.073 |
|                   ramloop[0].ram.r                 |     0.073 |
|                     prim_init.ram                  |     0.073 |
|         ISB3                                       |     0.085 |
|           U0                                       |     0.085 |
|             inst_blk_mem_gen                       |     0.085 |
|               gnbram.gnativebmg.native_blk_mem_gen |     0.085 |
|                 valid.cstr                         |     0.085 |
|                   ramloop[0].ram.r                 |     0.085 |
|                     prim_init.ram                  |     0.085 |
|         ISB4                                       |     0.076 |
|           U0                                       |     0.076 |
|             inst_blk_mem_gen                       |     0.076 |
|               gnbram.gnativebmg.native_blk_mem_gen |     0.076 |
|                 valid.cstr                         |     0.076 |
|                   ramloop[0].ram.r                 |     0.076 |
|                     prim_init.ram                  |     0.076 |
|         ISB5                                       |     0.076 |
|           U0                                       |     0.076 |
|             inst_blk_mem_gen                       |     0.076 |
|               gnbram.gnativebmg.native_blk_mem_gen |     0.076 |
|                 valid.cstr                         |     0.076 |
|                   ramloop[0].ram.r                 |     0.076 |
|                     prim_init.ram                  |     0.076 |
|         SB0                                        |     0.083 |
|           U0                                       |     0.083 |
|             inst_blk_mem_gen                       |     0.083 |
|               gnbram.gnativebmg.native_blk_mem_gen |     0.083 |
|                 valid.cstr                         |     0.083 |
|                   ramloop[0].ram.r                 |     0.083 |
|                     prim_init.ram                  |     0.083 |
|         SB1                                        |     0.086 |
|           U0                                       |     0.086 |
|             inst_blk_mem_gen                       |     0.086 |
|               gnbram.gnativebmg.native_blk_mem_gen |     0.086 |
|                 valid.cstr                         |     0.086 |
|                   ramloop[0].ram.r                 |     0.086 |
|                     prim_init.ram                  |     0.086 |
|         SB2                                        |     0.081 |
|           U0                                       |     0.081 |
|             inst_blk_mem_gen                       |     0.081 |
|               gnbram.gnativebmg.native_blk_mem_gen |     0.081 |
|                 valid.cstr                         |     0.081 |
|                   ramloop[0].ram.r                 |     0.081 |
|                     prim_init.ram                  |     0.081 |
|         SB3                                        |     0.083 |
|           U0                                       |     0.083 |
|             inst_blk_mem_gen                       |     0.083 |
|               gnbram.gnativebmg.native_blk_mem_gen |     0.083 |
|                 valid.cstr                         |     0.083 |
|                   ramloop[0].ram.r                 |     0.083 |
|                     prim_init.ram                  |     0.083 |
|         SB4                                        |     0.081 |
|           U0                                       |     0.081 |
|             inst_blk_mem_gen                       |     0.081 |
|               gnbram.gnativebmg.native_blk_mem_gen |     0.081 |
|                 valid.cstr                         |     0.081 |
|                   ramloop[0].ram.r                 |     0.081 |
|                     prim_init.ram                  |     0.081 |
|         SB5                                        |     0.077 |
|           U0                                       |     0.077 |
|             inst_blk_mem_gen                       |     0.077 |
|               gnbram.gnativebmg.native_blk_mem_gen |     0.077 |
|                 valid.cstr                         |     0.077 |
|                   ramloop[0].ram.r                 |     0.077 |
|                     prim_init.ram                  |     0.077 |
|         q10                                        |     0.301 |
|         q11                                        |     0.389 |
|         q12                                        |     0.282 |
|         q13                                        |     0.708 |
|         q14                                        |     0.327 |
|         q15                                        |     0.424 |
|         q6                                         |     0.321 |
|         q7                                         |     0.370 |
|         q8                                         |     0.294 |
|         q9                                         |     0.325 |
|     r2                                             |    36.162 |
|       t1                                           |    36.162 |
|         ISB0                                       |     0.133 |
|           U0                                       |     0.133 |
|             inst_blk_mem_gen                       |     0.133 |
|               gnbram.gnativebmg.native_blk_mem_gen |     0.133 |
|                 valid.cstr                         |     0.133 |
|                   ramloop[0].ram.r                 |     0.133 |
|                     prim_init.ram                  |     0.133 |
|         ISB1                                       |     0.104 |
|           U0                                       |     0.104 |
|             inst_blk_mem_gen                       |     0.104 |
|               gnbram.gnativebmg.native_blk_mem_gen |     0.104 |
|                 valid.cstr                         |     0.104 |
|                   ramloop[0].ram.r                 |     0.104 |
|                     prim_init.ram                  |     0.104 |
|         ISB2                                       |     0.131 |
|           U0                                       |     0.131 |
|             inst_blk_mem_gen                       |     0.131 |
|               gnbram.gnativebmg.native_blk_mem_gen |     0.131 |
|                 valid.cstr                         |     0.131 |
|                   ramloop[0].ram.r                 |     0.131 |
|                     prim_init.ram                  |     0.131 |
|         ISB3                                       |     0.096 |
|           U0                                       |     0.096 |
|             inst_blk_mem_gen                       |     0.096 |
|               gnbram.gnativebmg.native_blk_mem_gen |     0.096 |
|                 valid.cstr                         |     0.096 |
|                   ramloop[0].ram.r                 |     0.096 |
|                     prim_init.ram                  |     0.096 |
|         ISB4                                       |     0.146 |
|           U0                                       |     0.146 |
|             inst_blk_mem_gen                       |     0.146 |
|               gnbram.gnativebmg.native_blk_mem_gen |     0.146 |
|                 valid.cstr                         |     0.146 |
|                   ramloop[0].ram.r                 |     0.146 |
|                     prim_init.ram                  |     0.146 |
|         ISB5                                       |     0.112 |
|           U0                                       |     0.112 |
|             inst_blk_mem_gen                       |     0.112 |
|               gnbram.gnativebmg.native_blk_mem_gen |     0.112 |
|                 valid.cstr                         |     0.112 |
|                   ramloop[0].ram.r                 |     0.112 |
|                     prim_init.ram                  |     0.112 |
|         SB0                                        |     0.136 |
|           U0                                       |     0.136 |
|             inst_blk_mem_gen                       |     0.136 |
|               gnbram.gnativebmg.native_blk_mem_gen |     0.136 |
|                 valid.cstr                         |     0.136 |
|                   ramloop[0].ram.r                 |     0.136 |
|                     prim_init.ram                  |     0.136 |
|         SB1                                        |     0.096 |
|           U0                                       |     0.096 |
|             inst_blk_mem_gen                       |     0.096 |
|               gnbram.gnativebmg.native_blk_mem_gen |     0.096 |
|                 valid.cstr                         |     0.096 |
|                   ramloop[0].ram.r                 |     0.096 |
|                     prim_init.ram                  |     0.096 |
|         SB2                                        |     0.138 |
|           U0                                       |     0.138 |
|             inst_blk_mem_gen                       |     0.138 |
|               gnbram.gnativebmg.native_blk_mem_gen |     0.138 |
|                 valid.cstr                         |     0.138 |
|                   ramloop[0].ram.r                 |     0.138 |
|                     prim_init.ram                  |     0.138 |
|         SB3                                        |     0.137 |
|           U0                                       |     0.137 |
|             inst_blk_mem_gen                       |     0.137 |
|               gnbram.gnativebmg.native_blk_mem_gen |     0.137 |
|                 valid.cstr                         |     0.137 |
|                   ramloop[0].ram.r                 |     0.137 |
|                     prim_init.ram                  |     0.137 |
|         SB4                                        |     0.143 |
|           U0                                       |     0.143 |
|             inst_blk_mem_gen                       |     0.143 |
|               gnbram.gnativebmg.native_blk_mem_gen |     0.143 |
|                 valid.cstr                         |     0.143 |
|                   ramloop[0].ram.r                 |     0.143 |
|                     prim_init.ram                  |     0.143 |
|         SB5                                        |     0.105 |
|           U0                                       |     0.105 |
|             inst_blk_mem_gen                       |     0.105 |
|               gnbram.gnativebmg.native_blk_mem_gen |     0.105 |
|                 valid.cstr                         |     0.105 |
|                   ramloop[0].ram.r                 |     0.105 |
|                     prim_init.ram                  |     0.105 |
|         q10                                        |     0.332 |
|         q11                                        |     0.743 |
|         q12                                        |     0.350 |
|         q13                                        |     0.568 |
|         q14                                        |     0.374 |
|         q15                                        |     1.041 |
|         q6                                         |     0.349 |
|         q7                                         |     1.086 |
|         q8                                         |     0.341 |
|         q9                                         |     0.729 |
|     r3                                             |    35.897 |
|       t1                                           |    35.897 |
|         ISB0                                       |     0.131 |
|           U0                                       |     0.131 |
|             inst_blk_mem_gen                       |     0.131 |
|               gnbram.gnativebmg.native_blk_mem_gen |     0.131 |
|                 valid.cstr                         |     0.131 |
|                   ramloop[0].ram.r                 |     0.131 |
|                     prim_init.ram                  |     0.131 |
|         ISB1                                       |     0.142 |
|           U0                                       |     0.142 |
|             inst_blk_mem_gen                       |     0.142 |
|               gnbram.gnativebmg.native_blk_mem_gen |     0.142 |
|                 valid.cstr                         |     0.142 |
|                   ramloop[0].ram.r                 |     0.142 |
|                     prim_init.ram                  |     0.142 |
|         ISB2                                       |     0.118 |
|           U0                                       |     0.118 |
|             inst_blk_mem_gen                       |     0.118 |
|               gnbram.gnativebmg.native_blk_mem_gen |     0.118 |
|                 valid.cstr                         |     0.118 |
|                   ramloop[0].ram.r                 |     0.118 |
|                     prim_init.ram                  |     0.118 |
|         ISB3                                       |     0.113 |
|           U0                                       |     0.113 |
|             inst_blk_mem_gen                       |     0.113 |
|               gnbram.gnativebmg.native_blk_mem_gen |     0.113 |
|                 valid.cstr                         |     0.113 |
|                   ramloop[0].ram.r                 |     0.113 |
|                     prim_init.ram                  |     0.113 |
|         ISB4                                       |     0.122 |
|           U0                                       |     0.122 |
|             inst_blk_mem_gen                       |     0.122 |
|               gnbram.gnativebmg.native_blk_mem_gen |     0.122 |
|                 valid.cstr                         |     0.122 |
|                   ramloop[0].ram.r                 |     0.122 |
|                     prim_init.ram                  |     0.122 |
|         ISB5                                       |     0.122 |
|           U0                                       |     0.122 |
|             inst_blk_mem_gen                       |     0.122 |
|               gnbram.gnativebmg.native_blk_mem_gen |     0.122 |
|                 valid.cstr                         |     0.122 |
|                   ramloop[0].ram.r                 |     0.122 |
|                     prim_init.ram                  |     0.122 |
|         SB0                                        |     0.142 |
|           U0                                       |     0.142 |
|             inst_blk_mem_gen                       |     0.142 |
|               gnbram.gnativebmg.native_blk_mem_gen |     0.142 |
|                 valid.cstr                         |     0.142 |
|                   ramloop[0].ram.r                 |     0.142 |
|                     prim_init.ram                  |     0.142 |
|         SB1                                        |     0.151 |
|           U0                                       |     0.151 |
|             inst_blk_mem_gen                       |     0.151 |
|               gnbram.gnativebmg.native_blk_mem_gen |     0.151 |
|                 valid.cstr                         |     0.151 |
|                   ramloop[0].ram.r                 |     0.151 |
|                     prim_init.ram                  |     0.151 |
|         SB2                                        |     0.124 |
|           U0                                       |     0.124 |
|             inst_blk_mem_gen                       |     0.124 |
|               gnbram.gnativebmg.native_blk_mem_gen |     0.124 |
|                 valid.cstr                         |     0.124 |
|                   ramloop[0].ram.r                 |     0.124 |
|                     prim_init.ram                  |     0.124 |
|         SB3                                        |     0.126 |
|           U0                                       |     0.126 |
|             inst_blk_mem_gen                       |     0.126 |
|               gnbram.gnativebmg.native_blk_mem_gen |     0.126 |
|                 valid.cstr                         |     0.126 |
|                   ramloop[0].ram.r                 |     0.126 |
|                     prim_init.ram                  |     0.126 |
|         SB4                                        |     0.117 |
|           U0                                       |     0.117 |
|             inst_blk_mem_gen                       |     0.117 |
|               gnbram.gnativebmg.native_blk_mem_gen |     0.117 |
|                 valid.cstr                         |     0.117 |
|                   ramloop[0].ram.r                 |     0.117 |
|                     prim_init.ram                  |     0.117 |
|         SB5                                        |     0.126 |
|           U0                                       |     0.126 |
|             inst_blk_mem_gen                       |     0.126 |
|               gnbram.gnativebmg.native_blk_mem_gen |     0.126 |
|                 valid.cstr                         |     0.126 |
|                   ramloop[0].ram.r                 |     0.126 |
|                     prim_init.ram                  |     0.126 |
|         q10                                        |     0.345 |
|         q11                                        |     0.629 |
|         q12                                        |     0.374 |
|         q13                                        |     0.647 |
|         q14                                        |     0.334 |
|         q15                                        |     0.970 |
|         q6                                         |     0.360 |
|         q7                                         |     1.216 |
|         q8                                         |     0.361 |
|         q9                                         |     0.610 |
|     r4                                             |    34.231 |
|       t1                                           |    34.231 |
|         ISB0                                       |     0.142 |
|           U0                                       |     0.142 |
|             inst_blk_mem_gen                       |     0.142 |
|               gnbram.gnativebmg.native_blk_mem_gen |     0.142 |
|                 valid.cstr                         |     0.142 |
|                   ramloop[0].ram.r                 |     0.142 |
|                     prim_init.ram                  |     0.142 |
|         ISB1                                       |     0.119 |
|           U0                                       |     0.119 |
|             inst_blk_mem_gen                       |     0.119 |
|               gnbram.gnativebmg.native_blk_mem_gen |     0.119 |
|                 valid.cstr                         |     0.119 |
|                   ramloop[0].ram.r                 |     0.119 |
|                     prim_init.ram                  |     0.119 |
|         ISB2                                       |     0.141 |
|           U0                                       |     0.141 |
|             inst_blk_mem_gen                       |     0.141 |
|               gnbram.gnativebmg.native_blk_mem_gen |     0.141 |
|                 valid.cstr                         |     0.141 |
|                   ramloop[0].ram.r                 |     0.141 |
|                     prim_init.ram                  |     0.141 |
|         ISB3                                       |     0.118 |
|           U0                                       |     0.118 |
|             inst_blk_mem_gen                       |     0.118 |
|               gnbram.gnativebmg.native_blk_mem_gen |     0.118 |
|                 valid.cstr                         |     0.118 |
|                   ramloop[0].ram.r                 |     0.118 |
|                     prim_init.ram                  |     0.118 |
|         ISB4                                       |     0.134 |
|           U0                                       |     0.134 |
|             inst_blk_mem_gen                       |     0.134 |
|               gnbram.gnativebmg.native_blk_mem_gen |     0.134 |
|                 valid.cstr                         |     0.134 |
|                   ramloop[0].ram.r                 |     0.134 |
|                     prim_init.ram                  |     0.134 |
|         ISB5                                       |     0.122 |
|           U0                                       |     0.122 |
|             inst_blk_mem_gen                       |     0.122 |
|               gnbram.gnativebmg.native_blk_mem_gen |     0.122 |
|                 valid.cstr                         |     0.122 |
|                   ramloop[0].ram.r                 |     0.122 |
|                     prim_init.ram                  |     0.122 |
|         SB0                                        |     0.146 |
|           U0                                       |     0.146 |
|             inst_blk_mem_gen                       |     0.146 |
|               gnbram.gnativebmg.native_blk_mem_gen |     0.146 |
|                 valid.cstr                         |     0.146 |
|                   ramloop[0].ram.r                 |     0.146 |
|                     prim_init.ram                  |     0.146 |
|         SB1                                        |     0.142 |
|           U0                                       |     0.142 |
|             inst_blk_mem_gen                       |     0.142 |
|               gnbram.gnativebmg.native_blk_mem_gen |     0.142 |
|                 valid.cstr                         |     0.142 |
|                   ramloop[0].ram.r                 |     0.142 |
|                     prim_init.ram                  |     0.142 |
|         SB2                                        |     0.133 |
|           U0                                       |     0.133 |
|             inst_blk_mem_gen                       |     0.133 |
|               gnbram.gnativebmg.native_blk_mem_gen |     0.133 |
|                 valid.cstr                         |     0.133 |
|                   ramloop[0].ram.r                 |     0.133 |
|                     prim_init.ram                  |     0.133 |
|         SB3                                        |     0.123 |
|           U0                                       |     0.123 |
|             inst_blk_mem_gen                       |     0.123 |
|               gnbram.gnativebmg.native_blk_mem_gen |     0.123 |
|                 valid.cstr                         |     0.123 |
|                   ramloop[0].ram.r                 |     0.123 |
|                     prim_init.ram                  |     0.123 |
|         SB4                                        |     0.130 |
|           U0                                       |     0.130 |
|             inst_blk_mem_gen                       |     0.130 |
|               gnbram.gnativebmg.native_blk_mem_gen |     0.130 |
|                 valid.cstr                         |     0.130 |
|                   ramloop[0].ram.r                 |     0.130 |
|                     prim_init.ram                  |     0.130 |
|         SB5                                        |     0.119 |
|           U0                                       |     0.119 |
|             inst_blk_mem_gen                       |     0.119 |
|               gnbram.gnativebmg.native_blk_mem_gen |     0.119 |
|                 valid.cstr                         |     0.119 |
|                   ramloop[0].ram.r                 |     0.119 |
|                     prim_init.ram                  |     0.119 |
|         q10                                        |     0.345 |
|         q11                                        |     0.568 |
|         q12                                        |     0.385 |
|         q13                                        |     0.603 |
|         q14                                        |     0.360 |
|         q15                                        |     0.777 |
|         q6                                         |     0.337 |
|         q7                                         |     0.958 |
|         q8                                         |     0.322 |
|         q9                                         |     0.747 |
|     r5                                             |    34.084 |
|       t1                                           |    34.084 |
|         ISB0                                       |     0.141 |
|           U0                                       |     0.141 |
|             inst_blk_mem_gen                       |     0.141 |
|               gnbram.gnativebmg.native_blk_mem_gen |     0.141 |
|                 valid.cstr                         |     0.141 |
|                   ramloop[0].ram.r                 |     0.141 |
|                     prim_init.ram                  |     0.141 |
|         ISB1                                       |     0.093 |
|           U0                                       |     0.093 |
|             inst_blk_mem_gen                       |     0.093 |
|               gnbram.gnativebmg.native_blk_mem_gen |     0.093 |
|                 valid.cstr                         |     0.093 |
|                   ramloop[0].ram.r                 |     0.093 |
|                     prim_init.ram                  |     0.093 |
|         ISB2                                       |     0.128 |
|           U0                                       |     0.128 |
|             inst_blk_mem_gen                       |     0.128 |
|               gnbram.gnativebmg.native_blk_mem_gen |     0.128 |
|                 valid.cstr                         |     0.128 |
|                   ramloop[0].ram.r                 |     0.128 |
|                     prim_init.ram                  |     0.128 |
|         ISB3                                       |     0.084 |
|           U0                                       |     0.084 |
|             inst_blk_mem_gen                       |     0.084 |
|               gnbram.gnativebmg.native_blk_mem_gen |     0.084 |
|                 valid.cstr                         |     0.084 |
|                   ramloop[0].ram.r                 |     0.084 |
|                     prim_init.ram                  |     0.084 |
|         ISB4                                       |     0.122 |
|           U0                                       |     0.122 |
|             inst_blk_mem_gen                       |     0.122 |
|               gnbram.gnativebmg.native_blk_mem_gen |     0.122 |
|                 valid.cstr                         |     0.122 |
|                   ramloop[0].ram.r                 |     0.122 |
|                     prim_init.ram                  |     0.122 |
|         ISB5                                       |     0.115 |
|           U0                                       |     0.115 |
|             inst_blk_mem_gen                       |     0.115 |
|               gnbram.gnativebmg.native_blk_mem_gen |     0.115 |
|                 valid.cstr                         |     0.115 |
|                   ramloop[0].ram.r                 |     0.115 |
|                     prim_init.ram                  |     0.115 |
|         SB0                                        |     0.146 |
|           U0                                       |     0.146 |
|             inst_blk_mem_gen                       |     0.146 |
|               gnbram.gnativebmg.native_blk_mem_gen |     0.146 |
|                 valid.cstr                         |     0.146 |
|                   ramloop[0].ram.r                 |     0.146 |
|                     prim_init.ram                  |     0.146 |
|         SB1                                        |     0.104 |
|           U0                                       |     0.104 |
|             inst_blk_mem_gen                       |     0.104 |
|               gnbram.gnativebmg.native_blk_mem_gen |     0.104 |
|                 valid.cstr                         |     0.104 |
|                   ramloop[0].ram.r                 |     0.104 |
|                     prim_init.ram                  |     0.104 |
|         SB2                                        |     0.145 |
|           U0                                       |     0.145 |
|             inst_blk_mem_gen                       |     0.145 |
|               gnbram.gnativebmg.native_blk_mem_gen |     0.145 |
|                 valid.cstr                         |     0.145 |
|                   ramloop[0].ram.r                 |     0.145 |
|                     prim_init.ram                  |     0.145 |
|         SB3                                        |     0.094 |
|           U0                                       |     0.094 |
|             inst_blk_mem_gen                       |     0.094 |
|               gnbram.gnativebmg.native_blk_mem_gen |     0.094 |
|                 valid.cstr                         |     0.094 |
|                   ramloop[0].ram.r                 |     0.094 |
|                     prim_init.ram                  |     0.094 |
|         SB4                                        |     0.131 |
|           U0                                       |     0.131 |
|             inst_blk_mem_gen                       |     0.131 |
|               gnbram.gnativebmg.native_blk_mem_gen |     0.131 |
|                 valid.cstr                         |     0.131 |
|                   ramloop[0].ram.r                 |     0.131 |
|                     prim_init.ram                  |     0.131 |
|         SB5                                        |     0.122 |
|           U0                                       |     0.122 |
|             inst_blk_mem_gen                       |     0.122 |
|               gnbram.gnativebmg.native_blk_mem_gen |     0.122 |
|                 valid.cstr                         |     0.122 |
|                   ramloop[0].ram.r                 |     0.122 |
|                     prim_init.ram                  |     0.122 |
|         q10                                        |     0.364 |
|         q11                                        |     0.624 |
|         q12                                        |     0.329 |
|         q13                                        |     0.690 |
|         q14                                        |     0.379 |
|         q15                                        |     0.830 |
|         q6                                         |     0.391 |
|         q7                                         |     0.856 |
|         q8                                         |     0.388 |
|         q9                                         |     0.616 |
|     r6                                             |    34.616 |
|       t1                                           |    34.616 |
|         ISB0                                       |     0.137 |
|           U0                                       |     0.137 |
|             inst_blk_mem_gen                       |     0.137 |
|               gnbram.gnativebmg.native_blk_mem_gen |     0.137 |
|                 valid.cstr                         |     0.137 |
|                   ramloop[0].ram.r                 |     0.137 |
|                     prim_init.ram                  |     0.137 |
|         ISB1                                       |     0.159 |
|           U0                                       |     0.159 |
|             inst_blk_mem_gen                       |     0.159 |
|               gnbram.gnativebmg.native_blk_mem_gen |     0.159 |
|                 valid.cstr                         |     0.159 |
|                   ramloop[0].ram.r                 |     0.159 |
|                     prim_init.ram                  |     0.159 |
|         ISB2                                       |     0.129 |
|           U0                                       |     0.129 |
|             inst_blk_mem_gen                       |     0.129 |
|               gnbram.gnativebmg.native_blk_mem_gen |     0.129 |
|                 valid.cstr                         |     0.129 |
|                   ramloop[0].ram.r                 |     0.129 |
|                     prim_init.ram                  |     0.129 |
|         ISB3                                       |     0.105 |
|           U0                                       |     0.105 |
|             inst_blk_mem_gen                       |     0.105 |
|               gnbram.gnativebmg.native_blk_mem_gen |     0.105 |
|                 valid.cstr                         |     0.105 |
|                   ramloop[0].ram.r                 |     0.105 |
|                     prim_init.ram                  |     0.105 |
|         ISB4                                       |     0.118 |
|           U0                                       |     0.118 |
|             inst_blk_mem_gen                       |     0.118 |
|               gnbram.gnativebmg.native_blk_mem_gen |     0.118 |
|                 valid.cstr                         |     0.118 |
|                   ramloop[0].ram.r                 |     0.118 |
|                     prim_init.ram                  |     0.118 |
|         ISB5                                       |     0.108 |
|           U0                                       |     0.108 |
|             inst_blk_mem_gen                       |     0.108 |
|               gnbram.gnativebmg.native_blk_mem_gen |     0.108 |
|                 valid.cstr                         |     0.108 |
|                   ramloop[0].ram.r                 |     0.108 |
|                     prim_init.ram                  |     0.108 |
|         SB0                                        |     0.135 |
|           U0                                       |     0.135 |
|             inst_blk_mem_gen                       |     0.135 |
|               gnbram.gnativebmg.native_blk_mem_gen |     0.135 |
|                 valid.cstr                         |     0.135 |
|                   ramloop[0].ram.r                 |     0.135 |
|                     prim_init.ram                  |     0.135 |
|         SB1                                        |     0.152 |
|           U0                                       |     0.152 |
|             inst_blk_mem_gen                       |     0.152 |
|               gnbram.gnativebmg.native_blk_mem_gen |     0.152 |
|                 valid.cstr                         |     0.152 |
|                   ramloop[0].ram.r                 |     0.152 |
|                     prim_init.ram                  |     0.152 |
|         SB2                                        |     0.143 |
|           U0                                       |     0.143 |
|             inst_blk_mem_gen                       |     0.143 |
|               gnbram.gnativebmg.native_blk_mem_gen |     0.143 |
|                 valid.cstr                         |     0.143 |
|                   ramloop[0].ram.r                 |     0.143 |
|                     prim_init.ram                  |     0.143 |
|         SB3                                        |     0.106 |
|           U0                                       |     0.106 |
|             inst_blk_mem_gen                       |     0.106 |
|               gnbram.gnativebmg.native_blk_mem_gen |     0.106 |
|                 valid.cstr                         |     0.106 |
|                   ramloop[0].ram.r                 |     0.106 |
|                     prim_init.ram                  |     0.106 |
|         SB4                                        |     0.128 |
|           U0                                       |     0.128 |
|             inst_blk_mem_gen                       |     0.128 |
|               gnbram.gnativebmg.native_blk_mem_gen |     0.128 |
|                 valid.cstr                         |     0.128 |
|                   ramloop[0].ram.r                 |     0.128 |
|                     prim_init.ram                  |     0.128 |
|         SB5                                        |     0.112 |
|           U0                                       |     0.112 |
|             inst_blk_mem_gen                       |     0.112 |
|               gnbram.gnativebmg.native_blk_mem_gen |     0.112 |
|                 valid.cstr                         |     0.112 |
|                   ramloop[0].ram.r                 |     0.112 |
|                     prim_init.ram                  |     0.112 |
|         q10                                        |     0.339 |
|         q11                                        |     0.629 |
|         q12                                        |     0.359 |
|         q13                                        |     0.701 |
|         q14                                        |     0.356 |
|         q15                                        |     0.750 |
|         q6                                         |     0.342 |
|         q7                                         |     0.818 |
|         q8                                         |     0.344 |
|         q9                                         |     0.685 |
|     r7                                             |    34.910 |
|       t1                                           |    34.910 |
|         ISB0                                       |     0.114 |
|           U0                                       |     0.114 |
|             inst_blk_mem_gen                       |     0.114 |
|               gnbram.gnativebmg.native_blk_mem_gen |     0.114 |
|                 valid.cstr                         |     0.114 |
|                   ramloop[0].ram.r                 |     0.114 |
|                     prim_init.ram                  |     0.114 |
|         ISB1                                       |     0.124 |
|           U0                                       |     0.124 |
|             inst_blk_mem_gen                       |     0.124 |
|               gnbram.gnativebmg.native_blk_mem_gen |     0.124 |
|                 valid.cstr                         |     0.124 |
|                   ramloop[0].ram.r                 |     0.124 |
|                     prim_init.ram                  |     0.124 |
|         ISB2                                       |     0.143 |
|           U0                                       |     0.143 |
|             inst_blk_mem_gen                       |     0.143 |
|               gnbram.gnativebmg.native_blk_mem_gen |     0.143 |
|                 valid.cstr                         |     0.143 |
|                   ramloop[0].ram.r                 |     0.143 |
|                     prim_init.ram                  |     0.143 |
|         ISB3                                       |     0.108 |
|           U0                                       |     0.108 |
|             inst_blk_mem_gen                       |     0.108 |
|               gnbram.gnativebmg.native_blk_mem_gen |     0.108 |
|                 valid.cstr                         |     0.108 |
|                   ramloop[0].ram.r                 |     0.108 |
|                     prim_init.ram                  |     0.108 |
|         ISB4                                       |     0.136 |
|           U0                                       |     0.136 |
|             inst_blk_mem_gen                       |     0.136 |
|               gnbram.gnativebmg.native_blk_mem_gen |     0.136 |
|                 valid.cstr                         |     0.136 |
|                   ramloop[0].ram.r                 |     0.136 |
|                     prim_init.ram                  |     0.136 |
|         ISB5                                       |     0.132 |
|           U0                                       |     0.132 |
|             inst_blk_mem_gen                       |     0.132 |
|               gnbram.gnativebmg.native_blk_mem_gen |     0.132 |
|                 valid.cstr                         |     0.132 |
|                   ramloop[0].ram.r                 |     0.132 |
|                     prim_init.ram                  |     0.132 |
|         SB0                                        |     0.109 |
|           U0                                       |     0.109 |
|             inst_blk_mem_gen                       |     0.109 |
|               gnbram.gnativebmg.native_blk_mem_gen |     0.109 |
|                 valid.cstr                         |     0.109 |
|                   ramloop[0].ram.r                 |     0.109 |
|                     prim_init.ram                  |     0.109 |
|         SB1                                        |     0.128 |
|           U0                                       |     0.128 |
|             inst_blk_mem_gen                       |     0.128 |
|               gnbram.gnativebmg.native_blk_mem_gen |     0.128 |
|                 valid.cstr                         |     0.128 |
|                   ramloop[0].ram.r                 |     0.128 |
|                     prim_init.ram                  |     0.128 |
|         SB2                                        |     0.151 |
|           U0                                       |     0.151 |
|             inst_blk_mem_gen                       |     0.151 |
|               gnbram.gnativebmg.native_blk_mem_gen |     0.151 |
|                 valid.cstr                         |     0.151 |
|                   ramloop[0].ram.r                 |     0.151 |
|                     prim_init.ram                  |     0.151 |
|         SB3                                        |     0.116 |
|           U0                                       |     0.116 |
|             inst_blk_mem_gen                       |     0.116 |
|               gnbram.gnativebmg.native_blk_mem_gen |     0.116 |
|                 valid.cstr                         |     0.116 |
|                   ramloop[0].ram.r                 |     0.116 |
|                     prim_init.ram                  |     0.116 |
|         SB4                                        |     0.123 |
|           U0                                       |     0.123 |
|             inst_blk_mem_gen                       |     0.123 |
|               gnbram.gnativebmg.native_blk_mem_gen |     0.123 |
|                 valid.cstr                         |     0.123 |
|                   ramloop[0].ram.r                 |     0.123 |
|                     prim_init.ram                  |     0.123 |
|         SB5                                        |     0.126 |
|           U0                                       |     0.126 |
|             inst_blk_mem_gen                       |     0.126 |
|               gnbram.gnativebmg.native_blk_mem_gen |     0.126 |
|                 valid.cstr                         |     0.126 |
|                   ramloop[0].ram.r                 |     0.126 |
|                     prim_init.ram                  |     0.126 |
|         q10                                        |     0.364 |
|         q11                                        |     0.588 |
|         q12                                        |     0.383 |
|         q13                                        |     0.618 |
|         q14                                        |     0.328 |
|         q15                                        |     0.954 |
|         q6                                         |     0.355 |
|         q7                                         |     1.065 |
|         q8                                         |     0.329 |
|         q9                                         |     0.599 |
|     r8                                             |    34.800 |
|       t1                                           |    34.800 |
|         ISB0                                       |     0.136 |
|           U0                                       |     0.136 |
|             inst_blk_mem_gen                       |     0.136 |
|               gnbram.gnativebmg.native_blk_mem_gen |     0.136 |
|                 valid.cstr                         |     0.136 |
|                   ramloop[0].ram.r                 |     0.136 |
|                     prim_init.ram                  |     0.136 |
|         ISB1                                       |     0.101 |
|           U0                                       |     0.101 |
|             inst_blk_mem_gen                       |     0.101 |
|               gnbram.gnativebmg.native_blk_mem_gen |     0.101 |
|                 valid.cstr                         |     0.101 |
|                   ramloop[0].ram.r                 |     0.101 |
|                     prim_init.ram                  |     0.101 |
|         ISB2                                       |     0.120 |
|           U0                                       |     0.120 |
|             inst_blk_mem_gen                       |     0.120 |
|               gnbram.gnativebmg.native_blk_mem_gen |     0.120 |
|                 valid.cstr                         |     0.120 |
|                   ramloop[0].ram.r                 |     0.120 |
|                     prim_init.ram                  |     0.120 |
|         ISB3                                       |     0.090 |
|           U0                                       |     0.090 |
|             inst_blk_mem_gen                       |     0.090 |
|               gnbram.gnativebmg.native_blk_mem_gen |     0.090 |
|                 valid.cstr                         |     0.090 |
|                   ramloop[0].ram.r                 |     0.090 |
|                     prim_init.ram                  |     0.090 |
|         ISB4                                       |     0.117 |
|           U0                                       |     0.117 |
|             inst_blk_mem_gen                       |     0.117 |
|               gnbram.gnativebmg.native_blk_mem_gen |     0.117 |
|                 valid.cstr                         |     0.117 |
|                   ramloop[0].ram.r                 |     0.117 |
|                     prim_init.ram                  |     0.117 |
|         ISB5                                       |     0.104 |
|           U0                                       |     0.104 |
|             inst_blk_mem_gen                       |     0.104 |
|               gnbram.gnativebmg.native_blk_mem_gen |     0.104 |
|                 valid.cstr                         |     0.104 |
|                   ramloop[0].ram.r                 |     0.104 |
|                     prim_init.ram                  |     0.104 |
|         SB0                                        |     0.138 |
|           U0                                       |     0.138 |
|             inst_blk_mem_gen                       |     0.138 |
|               gnbram.gnativebmg.native_blk_mem_gen |     0.138 |
|                 valid.cstr                         |     0.138 |
|                   ramloop[0].ram.r                 |     0.138 |
|                     prim_init.ram                  |     0.138 |
|         SB1                                        |     0.109 |
|           U0                                       |     0.109 |
|             inst_blk_mem_gen                       |     0.109 |
|               gnbram.gnativebmg.native_blk_mem_gen |     0.109 |
|                 valid.cstr                         |     0.109 |
|                   ramloop[0].ram.r                 |     0.109 |
|                     prim_init.ram                  |     0.109 |
|         SB2                                        |     0.112 |
|           U0                                       |     0.112 |
|             inst_blk_mem_gen                       |     0.112 |
|               gnbram.gnativebmg.native_blk_mem_gen |     0.112 |
|                 valid.cstr                         |     0.112 |
|                   ramloop[0].ram.r                 |     0.112 |
|                     prim_init.ram                  |     0.112 |
|         SB3                                        |     0.088 |
|           U0                                       |     0.088 |
|             inst_blk_mem_gen                       |     0.088 |
|               gnbram.gnativebmg.native_blk_mem_gen |     0.088 |
|                 valid.cstr                         |     0.088 |
|                   ramloop[0].ram.r                 |     0.088 |
|                     prim_init.ram                  |     0.088 |
|         SB4                                        |     0.117 |
|           U0                                       |     0.117 |
|             inst_blk_mem_gen                       |     0.117 |
|               gnbram.gnativebmg.native_blk_mem_gen |     0.117 |
|                 valid.cstr                         |     0.117 |
|                   ramloop[0].ram.r                 |     0.117 |
|                     prim_init.ram                  |     0.117 |
|         SB5                                        |     0.122 |
|           U0                                       |     0.122 |
|             inst_blk_mem_gen                       |     0.122 |
|               gnbram.gnativebmg.native_blk_mem_gen |     0.122 |
|                 valid.cstr                         |     0.122 |
|                   ramloop[0].ram.r                 |     0.122 |
|                     prim_init.ram                  |     0.122 |
|         q10                                        |     0.344 |
|         q11                                        |     0.627 |
|         q12                                        |     0.338 |
|         q13                                        |     0.660 |
|         q14                                        |     0.371 |
|         q15                                        |     0.944 |
|         q6                                         |     0.351 |
|         q7                                         |     0.988 |
|         q8                                         |     0.339 |
|         q9                                         |     0.814 |
|     r9                                             |    35.121 |
|       t1                                           |    35.121 |
|         ISB0                                       |     0.169 |
|           U0                                       |     0.169 |
|             inst_blk_mem_gen                       |     0.169 |
|               gnbram.gnativebmg.native_blk_mem_gen |     0.169 |
|                 valid.cstr                         |     0.169 |
|                   ramloop[0].ram.r                 |     0.169 |
|                     prim_init.ram                  |     0.169 |
|         ISB1                                       |     0.103 |
|           U0                                       |     0.103 |
|             inst_blk_mem_gen                       |     0.103 |
|               gnbram.gnativebmg.native_blk_mem_gen |     0.103 |
|                 valid.cstr                         |     0.103 |
|                   ramloop[0].ram.r                 |     0.103 |
|                     prim_init.ram                  |     0.103 |
|         ISB2                                       |     0.148 |
|           U0                                       |     0.148 |
|             inst_blk_mem_gen                       |     0.148 |
|               gnbram.gnativebmg.native_blk_mem_gen |     0.148 |
|                 valid.cstr                         |     0.148 |
|                   ramloop[0].ram.r                 |     0.148 |
|                     prim_init.ram                  |     0.148 |
|         ISB3                                       |     0.089 |
|           U0                                       |     0.089 |
|             inst_blk_mem_gen                       |     0.089 |
|               gnbram.gnativebmg.native_blk_mem_gen |     0.089 |
|                 valid.cstr                         |     0.089 |
|                   ramloop[0].ram.r                 |     0.089 |
|                     prim_init.ram                  |     0.089 |
|         ISB4                                       |     0.112 |
|           U0                                       |     0.112 |
|             inst_blk_mem_gen                       |     0.112 |
|               gnbram.gnativebmg.native_blk_mem_gen |     0.112 |
|                 valid.cstr                         |     0.112 |
|                   ramloop[0].ram.r                 |     0.112 |
|                     prim_init.ram                  |     0.112 |
|         ISB5                                       |     0.111 |
|           U0                                       |     0.111 |
|             inst_blk_mem_gen                       |     0.111 |
|               gnbram.gnativebmg.native_blk_mem_gen |     0.111 |
|                 valid.cstr                         |     0.111 |
|                   ramloop[0].ram.r                 |     0.111 |
|                     prim_init.ram                  |     0.111 |
|         SB0                                        |     0.169 |
|           U0                                       |     0.169 |
|             inst_blk_mem_gen                       |     0.169 |
|               gnbram.gnativebmg.native_blk_mem_gen |     0.169 |
|                 valid.cstr                         |     0.169 |
|                   ramloop[0].ram.r                 |     0.169 |
|                     prim_init.ram                  |     0.169 |
|         SB1                                        |     0.102 |
|           U0                                       |     0.102 |
|             inst_blk_mem_gen                       |     0.102 |
|               gnbram.gnativebmg.native_blk_mem_gen |     0.102 |
|                 valid.cstr                         |     0.102 |
|                   ramloop[0].ram.r                 |     0.102 |
|                     prim_init.ram                  |     0.102 |
|         SB2                                        |     0.148 |
|           U0                                       |     0.148 |
|             inst_blk_mem_gen                       |     0.148 |
|               gnbram.gnativebmg.native_blk_mem_gen |     0.148 |
|                 valid.cstr                         |     0.148 |
|                   ramloop[0].ram.r                 |     0.148 |
|                     prim_init.ram                  |     0.148 |
|         SB3                                        |     0.091 |
|           U0                                       |     0.091 |
|             inst_blk_mem_gen                       |     0.091 |
|               gnbram.gnativebmg.native_blk_mem_gen |     0.091 |
|                 valid.cstr                         |     0.091 |
|                   ramloop[0].ram.r                 |     0.091 |
|                     prim_init.ram                  |     0.091 |
|         SB4                                        |     0.125 |
|           U0                                       |     0.125 |
|             inst_blk_mem_gen                       |     0.125 |
|               gnbram.gnativebmg.native_blk_mem_gen |     0.125 |
|                 valid.cstr                         |     0.125 |
|                   ramloop[0].ram.r                 |     0.125 |
|                     prim_init.ram                  |     0.125 |
|         SB5                                        |     0.110 |
|           U0                                       |     0.110 |
|             inst_blk_mem_gen                       |     0.110 |
|               gnbram.gnativebmg.native_blk_mem_gen |     0.110 |
|                 valid.cstr                         |     0.110 |
|                   ramloop[0].ram.r                 |     0.110 |
|                     prim_init.ram                  |     0.110 |
|         q10                                        |     0.376 |
|         q11                                        |     0.629 |
|         q12                                        |     0.330 |
|         q13                                        |     0.673 |
|         q14                                        |     0.329 |
|         q15                                        |     1.065 |
|         q6                                         |     0.389 |
|         q7                                         |     1.022 |
|         q8                                         |     0.332 |
|         q9                                         |     0.744 |
|   D0                                               |     0.488 |
|     U0                                             |     0.488 |
|       inst_blk_mem_gen                             |     0.488 |
|         gnbram.gnativebmg.native_blk_mem_gen       |     0.488 |
|           valid.cstr                               |     0.488 |
|             ramloop[0].ram.r                       |     0.488 |
|               prim_init.ram                        |     0.488 |
|   DB0                                              |     0.038 |
|   DC0                                              |     0.062 |
|   K0                                               |    11.539 |
|     U0                                             |    11.539 |
|       inst_blk_mem_gen                             |    11.539 |
|         gnbram.gnativebmg.native_blk_mem_gen       |    11.539 |
|           valid.cstr                               |    11.539 |
|             ramloop[0].ram.r                       |    11.539 |
|               prim_init.ram                        |    11.539 |
|   KB0                                              |     0.031 |
|   KC0                                              |     0.841 |
|   U0                                               |     0.774 |
+----------------------------------------------------+-----------+


