Copyright 1986-2017 Xilinx, Inc. All Rights Reserved.
-------------------------------------------------------------------------------------------------------------------------------
| Tool Version     : Vivado v.2017.1 (win64) Build 1846317 Fri Apr 14 18:55:03 MDT 2017
| Date             : Wed Sep 12 19:47:31 2018
| Host             : DESKTOP-GJPCRJL running 64-bit major release  (build 9200)
| Command          : report_power -file top_power_routed.rpt -pb top_power_summary_routed.pb -rpx top_power_routed.rpx
| Design           : top
| Device           : xc7a100tcsg324-1
| Design State     : routed
| Grade            : commercial
| Process          : typical
| Characterization : Production
-------------------------------------------------------------------------------------------------------------------------------

Power Report

Table of Contents
-----------------
1. Summary
1.1 On-Chip Components
1.2 Power Supply Summary
1.3 Confidence Level
2. Settings
2.1 Environment
2.2 Clock Constraints
3. Detailed Reports
3.1 By Hierarchy

1. Summary
----------

+--------------------------+------------------------------------+
| Total On-Chip Power (W)  | 1010.335 (Junction temp exceeded!) |
| Dynamic (W)              | 1009.473                           |
| Device Static (W)        | 0.862                              |
| Effective TJA (C/W)      | 4.6                                |
| Max Ambient (C)          | 0.0                                |
| Junction Temperature (C) | 125.0                              |
| Confidence Level         | Low                                |
| Setting File             | ---                                |
| Simulation Activity File | ---                                |
| Design Nets Matched      | NA                                 |
+--------------------------+------------------------------------+


1.1 On-Chip Components
----------------------

+----------------+-----------+----------+-----------+-----------------+
| On-Chip        | Power (W) | Used     | Available | Utilization (%) |
+----------------+-----------+----------+-----------+-----------------+
| Slice Logic    |   551.644 |    35726 |       --- |             --- |
|   LUT as Logic |   535.664 |    22307 |     63400 |           35.18 |
|   F7/F8 Muxes  |    14.427 |     4246 |     63400 |            6.70 |
|   Register     |     1.544 |     6584 |    126800 |            5.19 |
|   BUFG         |     0.006 |        1 |        32 |            3.13 |
|   CARRY4       |     0.002 |        3 |     15850 |            0.02 |
|   Others       |     0.000 |      414 |       --- |             --- |
| Signals        |   449.996 |    25885 |       --- |             --- |
| Block RAM      |     7.601 |       71 |       135 |           52.59 |
| I/O            |     0.232 |        7 |       210 |            3.33 |
| Static Power   |     0.862 |          |           |                 |
| Total          |  1010.335 |          |           |                 |
+----------------+-----------+----------+-----------+-----------------+


1.2 Power Supply Summary
------------------------

+-----------+-------------+-----------+-------------+------------+
| Source    | Voltage (V) | Total (A) | Dynamic (A) | Static (A) |
+-----------+-------------+-----------+-------------+------------+
| Vccint    |       1.000 |  1009.251 |    1008.645 |      0.606 |
| Vccaux    |       1.800 |     0.101 |       0.008 |      0.093 |
| Vcco33    |       3.300 |     0.066 |       0.062 |      0.004 |
| Vcco25    |       2.500 |     0.000 |       0.000 |      0.000 |
| Vcco18    |       1.800 |     0.000 |       0.000 |      0.000 |
| Vcco15    |       1.500 |     0.000 |       0.000 |      0.000 |
| Vcco135   |       1.350 |     0.000 |       0.000 |      0.000 |
| Vcco12    |       1.200 |     0.000 |       0.000 |      0.000 |
| Vccaux_io |       1.800 |     0.000 |       0.000 |      0.000 |
| Vccbram   |       1.000 |     0.648 |       0.608 |      0.040 |
| MGTAVcc   |       1.000 |     0.000 |       0.000 |      0.000 |
| MGTAVtt   |       1.200 |     0.000 |       0.000 |      0.000 |
| Vccadc    |       1.800 |     0.020 |       0.000 |      0.020 |
+-----------+-------------+-----------+-------------+------------+


1.3 Confidence Level
--------------------

+-----------------------------+------------+--------------------------------------------------------+--------------------------------------------------------------------------------------------------------------------+
| User Input Data             | Confidence | Details                                                | Action                                                                                                             |
+-----------------------------+------------+--------------------------------------------------------+--------------------------------------------------------------------------------------------------------------------+
| Design implementation state | High       | Design is routed                                       |                                                                                                                    |
| Clock nodes activity        | Low        | User specified less than 75% of clocks                 | Provide missing clock activity with a constraint file, simulation results or by editing the "By Clock Domain" view |
| I/O nodes activity          | Low        | More than 75% of inputs are missing user specification | Provide missing input activity with simulation results or by editing the "By Resource Type -> I/Os" view           |
| Internal nodes activity     | Medium     | User specified less than 25% of internal nodes         | Provide missing internal nodes activity with simulation results or by editing the "By Resource Type" views         |
| Device models               | High       | Device models are Production                           |                                                                                                                    |
|                             |            |                                                        |                                                                                                                    |
| Overall confidence level    | Low        |                                                        |                                                                                                                    |
+-----------------------------+------------+--------------------------------------------------------+--------------------------------------------------------------------------------------------------------------------+


2. Settings
-----------

2.1 Environment
---------------

+-----------------------+--------------------------+
| Ambient Temp (C)      | 25.0                     |
| ThetaJA (C/W)         | 4.6                      |
| Airflow (LFM)         | 250                      |
| Heat Sink             | medium (Medium Profile)  |
| ThetaSA (C/W)         | 4.6                      |
| Board Selection       | medium (10"x10")         |
| # of Board Layers     | 12to15 (12 to 15 Layers) |
| Board Temperature (C) | 25.0                     |
+-----------------------+--------------------------+


2.2 Clock Constraints
---------------------

+-------+--------+-----------------+
| Clock | Domain | Constraint (ns) |
+-------+--------+-----------------+


3. Detailed Reports
-------------------

3.1 By Hierarchy
----------------

+----------------------------------------------------+-----------+
| Name                                               | Power (W) |
+----------------------------------------------------+-----------+
| top                                                |  1009.473 |
|   AES0                                             |   968.625 |
|     r1                                             |    44.758 |
|       t1                                           |     4.429 |
|         ISB0                                       |     0.079 |
|           U0                                       |     0.079 |
|             inst_blk_mem_gen                       |     0.079 |
|               gnbram.gnativebmg.native_blk_mem_gen |     0.079 |
|                 valid.cstr                         |     0.079 |
|                   ramloop[0].ram.r                 |     0.079 |
|                     prim_init.ram                  |     0.079 |
|         ISB1                                       |     0.100 |
|           U0                                       |     0.100 |
|             inst_blk_mem_gen                       |     0.100 |
|               gnbram.gnativebmg.native_blk_mem_gen |     0.100 |
|                 valid.cstr                         |     0.100 |
|                   ramloop[0].ram.r                 |     0.100 |
|                     prim_init.ram                  |     0.100 |
|         ISB2                                       |     0.085 |
|           U0                                       |     0.085 |
|             inst_blk_mem_gen                       |     0.085 |
|               gnbram.gnativebmg.native_blk_mem_gen |     0.085 |
|                 valid.cstr                         |     0.085 |
|                   ramloop[0].ram.r                 |     0.085 |
|                     prim_init.ram                  |     0.085 |
|         ISB3                                       |     0.084 |
|           U0                                       |     0.084 |
|             inst_blk_mem_gen                       |     0.084 |
|               gnbram.gnativebmg.native_blk_mem_gen |     0.084 |
|                 valid.cstr                         |     0.084 |
|                   ramloop[0].ram.r                 |     0.084 |
|                     prim_init.ram                  |     0.084 |
|         ISB4                                       |     0.084 |
|           U0                                       |     0.084 |
|             inst_blk_mem_gen                       |     0.084 |
|               gnbram.gnativebmg.native_blk_mem_gen |     0.084 |
|                 valid.cstr                         |     0.084 |
|                   ramloop[0].ram.r                 |     0.084 |
|                     prim_init.ram                  |     0.084 |
|         SB0                                        |     0.083 |
|           U0                                       |     0.083 |
|             inst_blk_mem_gen                       |     0.083 |
|               gnbram.gnativebmg.native_blk_mem_gen |     0.083 |
|                 valid.cstr                         |     0.083 |
|                   ramloop[0].ram.r                 |     0.083 |
|                     prim_init.ram                  |     0.083 |
|         SB1                                        |     0.106 |
|           U0                                       |     0.106 |
|             inst_blk_mem_gen                       |     0.106 |
|               gnbram.gnativebmg.native_blk_mem_gen |     0.106 |
|                 valid.cstr                         |     0.106 |
|                   ramloop[0].ram.r                 |     0.106 |
|                     prim_init.ram                  |     0.106 |
|         SB2                                        |     0.076 |
|           U0                                       |     0.076 |
|             inst_blk_mem_gen                       |     0.076 |
|               gnbram.gnativebmg.native_blk_mem_gen |     0.076 |
|                 valid.cstr                         |     0.076 |
|                   ramloop[0].ram.r                 |     0.076 |
|                     prim_init.ram                  |     0.076 |
|         SB3                                        |     0.102 |
|           U0                                       |     0.102 |
|             inst_blk_mem_gen                       |     0.102 |
|               gnbram.gnativebmg.native_blk_mem_gen |     0.102 |
|                 valid.cstr                         |     0.102 |
|                   ramloop[0].ram.r                 |     0.102 |
|                     prim_init.ram                  |     0.102 |
|         SB4                                        |     0.076 |
|           U0                                       |     0.076 |
|             inst_blk_mem_gen                       |     0.076 |
|               gnbram.gnativebmg.native_blk_mem_gen |     0.076 |
|                 valid.cstr                         |     0.076 |
|                   ramloop[0].ram.r                 |     0.076 |
|                     prim_init.ram                  |     0.076 |
|       t3                                           |    31.664 |
|     r10                                            |    51.057 |
|       t1                                           |     4.986 |
|         ISB0                                       |     0.078 |
|           U0                                       |     0.078 |
|             inst_blk_mem_gen                       |     0.078 |
|               gnbram.gnativebmg.native_blk_mem_gen |     0.078 |
|                 valid.cstr                         |     0.078 |
|                   ramloop[0].ram.r                 |     0.078 |
|                     prim_init.ram                  |     0.078 |
|         ISB1                                       |     0.089 |
|           U0                                       |     0.089 |
|             inst_blk_mem_gen                       |     0.089 |
|               gnbram.gnativebmg.native_blk_mem_gen |     0.089 |
|                 valid.cstr                         |     0.089 |
|                   ramloop[0].ram.r                 |     0.089 |
|                     prim_init.ram                  |     0.089 |
|         ISB2                                       |     0.085 |
|           U0                                       |     0.085 |
|             inst_blk_mem_gen                       |     0.085 |
|               gnbram.gnativebmg.native_blk_mem_gen |     0.085 |
|                 valid.cstr                         |     0.085 |
|                   ramloop[0].ram.r                 |     0.085 |
|                     prim_init.ram                  |     0.085 |
|         ISB3                                       |     0.088 |
|           U0                                       |     0.088 |
|             inst_blk_mem_gen                       |     0.088 |
|               gnbram.gnativebmg.native_blk_mem_gen |     0.088 |
|                 valid.cstr                         |     0.088 |
|                   ramloop[0].ram.r                 |     0.088 |
|                     prim_init.ram                  |     0.088 |
|         ISB4                                       |     0.085 |
|           U0                                       |     0.085 |
|             inst_blk_mem_gen                       |     0.085 |
|               gnbram.gnativebmg.native_blk_mem_gen |     0.085 |
|                 valid.cstr                         |     0.085 |
|                   ramloop[0].ram.r                 |     0.085 |
|                     prim_init.ram                  |     0.085 |
|         SB0                                        |     0.080 |
|           U0                                       |     0.080 |
|             inst_blk_mem_gen                       |     0.080 |
|               gnbram.gnativebmg.native_blk_mem_gen |     0.080 |
|                 valid.cstr                         |     0.080 |
|                   ramloop[0].ram.r                 |     0.080 |
|                     prim_init.ram                  |     0.080 |
|         SB1                                        |     0.081 |
|           U0                                       |     0.081 |
|             inst_blk_mem_gen                       |     0.081 |
|               gnbram.gnativebmg.native_blk_mem_gen |     0.081 |
|                 valid.cstr                         |     0.081 |
|                   ramloop[0].ram.r                 |     0.081 |
|                     prim_init.ram                  |     0.081 |
|         SB2                                        |     0.080 |
|           U0                                       |     0.080 |
|             inst_blk_mem_gen                       |     0.080 |
|               gnbram.gnativebmg.native_blk_mem_gen |     0.080 |
|                 valid.cstr                         |     0.080 |
|                   ramloop[0].ram.r                 |     0.080 |
|                     prim_init.ram                  |     0.080 |
|         SB3                                        |     0.092 |
|           U0                                       |     0.092 |
|             inst_blk_mem_gen                       |     0.092 |
|               gnbram.gnativebmg.native_blk_mem_gen |     0.092 |
|                 valid.cstr                         |     0.092 |
|                   ramloop[0].ram.r                 |     0.092 |
|                     prim_init.ram                  |     0.092 |
|         SB4                                        |     0.078 |
|           U0                                       |     0.078 |
|             inst_blk_mem_gen                       |     0.078 |
|               gnbram.gnativebmg.native_blk_mem_gen |     0.078 |
|                 valid.cstr                         |     0.078 |
|                   ramloop[0].ram.r                 |     0.078 |
|                     prim_init.ram                  |     0.078 |
|       t3                                           |    35.653 |
|     r11                                            |    49.781 |
|       t1                                           |     4.776 |
|         ISB0                                       |     0.080 |
|           U0                                       |     0.080 |
|             inst_blk_mem_gen                       |     0.080 |
|               gnbram.gnativebmg.native_blk_mem_gen |     0.080 |
|                 valid.cstr                         |     0.080 |
|                   ramloop[0].ram.r                 |     0.080 |
|                     prim_init.ram                  |     0.080 |
|         ISB1                                       |     0.087 |
|           U0                                       |     0.087 |
|             inst_blk_mem_gen                       |     0.087 |
|               gnbram.gnativebmg.native_blk_mem_gen |     0.087 |
|                 valid.cstr                         |     0.087 |
|                   ramloop[0].ram.r                 |     0.087 |
|                     prim_init.ram                  |     0.087 |
|         ISB2                                       |     0.083 |
|           U0                                       |     0.083 |
|             inst_blk_mem_gen                       |     0.083 |
|               gnbram.gnativebmg.native_blk_mem_gen |     0.083 |
|                 valid.cstr                         |     0.083 |
|                   ramloop[0].ram.r                 |     0.083 |
|                     prim_init.ram                  |     0.083 |
|         ISB3                                       |     0.101 |
|           U0                                       |     0.101 |
|             inst_blk_mem_gen                       |     0.101 |
|               gnbram.gnativebmg.native_blk_mem_gen |     0.101 |
|                 valid.cstr                         |     0.101 |
|                   ramloop[0].ram.r                 |     0.101 |
|                     prim_init.ram                  |     0.101 |
|         ISB4                                       |     0.083 |
|           U0                                       |     0.083 |
|             inst_blk_mem_gen                       |     0.083 |
|               gnbram.gnativebmg.native_blk_mem_gen |     0.083 |
|                 valid.cstr                         |     0.083 |
|                   ramloop[0].ram.r                 |     0.083 |
|                     prim_init.ram                  |     0.083 |
|         SB0                                        |     0.082 |
|           U0                                       |     0.082 |
|             inst_blk_mem_gen                       |     0.082 |
|               gnbram.gnativebmg.native_blk_mem_gen |     0.082 |
|                 valid.cstr                         |     0.082 |
|                   ramloop[0].ram.r                 |     0.082 |
|                     prim_init.ram                  |     0.082 |
|         SB1                                        |     0.089 |
|           U0                                       |     0.089 |
|             inst_blk_mem_gen                       |     0.089 |
|               gnbram.gnativebmg.native_blk_mem_gen |     0.089 |
|                 valid.cstr                         |     0.089 |
|                   ramloop[0].ram.r                 |     0.089 |
|                     prim_init.ram                  |     0.089 |
|         SB2                                        |     0.078 |
|           U0                                       |     0.078 |
|             inst_blk_mem_gen                       |     0.078 |
|               gnbram.gnativebmg.native_blk_mem_gen |     0.078 |
|                 valid.cstr                         |     0.078 |
|                   ramloop[0].ram.r                 |     0.078 |
|                     prim_init.ram                  |     0.078 |
|         SB3                                        |     0.097 |
|           U0                                       |     0.097 |
|             inst_blk_mem_gen                       |     0.097 |
|               gnbram.gnativebmg.native_blk_mem_gen |     0.097 |
|                 valid.cstr                         |     0.097 |
|                   ramloop[0].ram.r                 |     0.097 |
|                     prim_init.ram                  |     0.097 |
|         SB4                                        |     0.077 |
|           U0                                       |     0.077 |
|             inst_blk_mem_gen                       |     0.077 |
|               gnbram.gnativebmg.native_blk_mem_gen |     0.077 |
|                 valid.cstr                         |     0.077 |
|                   ramloop[0].ram.r                 |     0.077 |
|                     prim_init.ram                  |     0.077 |
|       t3                                           |    34.733 |
|     r12                                            |    49.132 |
|       t1                                           |     4.883 |
|         ISB0                                       |     0.082 |
|           U0                                       |     0.082 |
|             inst_blk_mem_gen                       |     0.082 |
|               gnbram.gnativebmg.native_blk_mem_gen |     0.082 |
|                 valid.cstr                         |     0.082 |
|                   ramloop[0].ram.r                 |     0.082 |
|                     prim_init.ram                  |     0.082 |
|         ISB1                                       |     0.095 |
|           U0                                       |     0.095 |
|             inst_blk_mem_gen                       |     0.095 |
|               gnbram.gnativebmg.native_blk_mem_gen |     0.095 |
|                 valid.cstr                         |     0.095 |
|                   ramloop[0].ram.r                 |     0.095 |
|                     prim_init.ram                  |     0.095 |
|         ISB2                                       |     0.079 |
|           U0                                       |     0.079 |
|             inst_blk_mem_gen                       |     0.079 |
|               gnbram.gnativebmg.native_blk_mem_gen |     0.079 |
|                 valid.cstr                         |     0.079 |
|                   ramloop[0].ram.r                 |     0.079 |
|                     prim_init.ram                  |     0.079 |
|         ISB3                                       |     0.091 |
|           U0                                       |     0.091 |
|             inst_blk_mem_gen                       |     0.091 |
|               gnbram.gnativebmg.native_blk_mem_gen |     0.091 |
|                 valid.cstr                         |     0.091 |
|                   ramloop[0].ram.r                 |     0.091 |
|                     prim_init.ram                  |     0.091 |
|         ISB4                                       |     0.084 |
|           U0                                       |     0.084 |
|             inst_blk_mem_gen                       |     0.084 |
|               gnbram.gnativebmg.native_blk_mem_gen |     0.084 |
|                 valid.cstr                         |     0.084 |
|                   ramloop[0].ram.r                 |     0.084 |
|                     prim_init.ram                  |     0.084 |
|         SB0                                        |     0.401 |
|           U0                                       |     0.401 |
|             inst_blk_mem_gen                       |     0.401 |
|               gnbram.gnativebmg.native_blk_mem_gen |     0.401 |
|                 valid.cstr                         |     0.401 |
|                   ramloop[0].ram.r                 |     0.401 |
|                     prim_init.ram                  |     0.401 |
|         SB1                                        |     0.097 |
|           U0                                       |     0.097 |
|             inst_blk_mem_gen                       |     0.097 |
|               gnbram.gnativebmg.native_blk_mem_gen |     0.097 |
|                 valid.cstr                         |     0.097 |
|                   ramloop[0].ram.r                 |     0.097 |
|                     prim_init.ram                  |     0.097 |
|         SB2                                        |     0.083 |
|           U0                                       |     0.083 |
|             inst_blk_mem_gen                       |     0.083 |
|               gnbram.gnativebmg.native_blk_mem_gen |     0.083 |
|                 valid.cstr                         |     0.083 |
|                   ramloop[0].ram.r                 |     0.083 |
|                     prim_init.ram                  |     0.083 |
|         SB3                                        |     0.094 |
|           U0                                       |     0.094 |
|             inst_blk_mem_gen                       |     0.094 |
|               gnbram.gnativebmg.native_blk_mem_gen |     0.094 |
|                 valid.cstr                         |     0.094 |
|                   ramloop[0].ram.r                 |     0.094 |
|                     prim_init.ram                  |     0.094 |
|         SB4                                        |     0.078 |
|           U0                                       |     0.078 |
|             inst_blk_mem_gen                       |     0.078 |
|               gnbram.gnativebmg.native_blk_mem_gen |     0.078 |
|                 valid.cstr                         |     0.078 |
|                   ramloop[0].ram.r                 |     0.078 |
|                     prim_init.ram                  |     0.078 |
|       t3                                           |    33.960 |
|     r13                                            |    48.473 |
|       t1                                           |     4.434 |
|         ISB0                                       |     0.077 |
|           U0                                       |     0.077 |
|             inst_blk_mem_gen                       |     0.077 |
|               gnbram.gnativebmg.native_blk_mem_gen |     0.077 |
|                 valid.cstr                         |     0.077 |
|                   ramloop[0].ram.r                 |     0.077 |
|                     prim_init.ram                  |     0.077 |
|         ISB1                                       |     0.086 |
|           U0                                       |     0.086 |
|             inst_blk_mem_gen                       |     0.086 |
|               gnbram.gnativebmg.native_blk_mem_gen |     0.086 |
|                 valid.cstr                         |     0.086 |
|                   ramloop[0].ram.r                 |     0.086 |
|                     prim_init.ram                  |     0.086 |
|         ISB2                                       |     0.079 |
|           U0                                       |     0.079 |
|             inst_blk_mem_gen                       |     0.079 |
|               gnbram.gnativebmg.native_blk_mem_gen |     0.079 |
|                 valid.cstr                         |     0.079 |
|                   ramloop[0].ram.r                 |     0.079 |
|                     prim_init.ram                  |     0.079 |
|         ISB3                                       |     0.094 |
|           U0                                       |     0.094 |
|             inst_blk_mem_gen                       |     0.094 |
|               gnbram.gnativebmg.native_blk_mem_gen |     0.094 |
|                 valid.cstr                         |     0.094 |
|                   ramloop[0].ram.r                 |     0.094 |
|                     prim_init.ram                  |     0.094 |
|         ISB4                                       |     0.075 |
|           U0                                       |     0.075 |
|             inst_blk_mem_gen                       |     0.075 |
|               gnbram.gnativebmg.native_blk_mem_gen |     0.075 |
|                 valid.cstr                         |     0.075 |
|                   ramloop[0].ram.r                 |     0.075 |
|                     prim_init.ram                  |     0.075 |
|         SB0                                        |     0.085 |
|           U0                                       |     0.085 |
|             inst_blk_mem_gen                       |     0.085 |
|               gnbram.gnativebmg.native_blk_mem_gen |     0.085 |
|                 valid.cstr                         |     0.085 |
|                   ramloop[0].ram.r                 |     0.085 |
|                     prim_init.ram                  |     0.085 |
|         SB1                                        |     0.087 |
|           U0                                       |     0.087 |
|             inst_blk_mem_gen                       |     0.087 |
|               gnbram.gnativebmg.native_blk_mem_gen |     0.087 |
|                 valid.cstr                         |     0.087 |
|                   ramloop[0].ram.r                 |     0.087 |
|                     prim_init.ram                  |     0.087 |
|         SB2                                        |     0.084 |
|           U0                                       |     0.084 |
|             inst_blk_mem_gen                       |     0.084 |
|               gnbram.gnativebmg.native_blk_mem_gen |     0.084 |
|                 valid.cstr                         |     0.084 |
|                   ramloop[0].ram.r                 |     0.084 |
|                     prim_init.ram                  |     0.084 |
|         SB3                                        |     0.092 |
|           U0                                       |     0.092 |
|             inst_blk_mem_gen                       |     0.092 |
|               gnbram.gnativebmg.native_blk_mem_gen |     0.092 |
|                 valid.cstr                         |     0.092 |
|                   ramloop[0].ram.r                 |     0.092 |
|                     prim_init.ram                  |     0.092 |
|         SB4                                        |     0.083 |
|           U0                                       |     0.083 |
|             inst_blk_mem_gen                       |     0.083 |
|               gnbram.gnativebmg.native_blk_mem_gen |     0.083 |
|                 valid.cstr                         |     0.083 |
|                   ramloop[0].ram.r                 |     0.083 |
|                     prim_init.ram                  |     0.083 |
|       t3                                           |    33.636 |
|     r14                                            |    10.469 |
|       t1                                           |     6.742 |
|         ISB0                                       |     0.095 |
|           U0                                       |     0.095 |
|             inst_blk_mem_gen                       |     0.095 |
|               gnbram.gnativebmg.native_blk_mem_gen |     0.095 |
|                 valid.cstr                         |     0.095 |
|                   ramloop[0].ram.r                 |     0.095 |
|                     prim_init.ram                  |     0.095 |
|         ISB1                                       |     0.082 |
|           U0                                       |     0.082 |
|             inst_blk_mem_gen                       |     0.082 |
|               gnbram.gnativebmg.native_blk_mem_gen |     0.082 |
|                 valid.cstr                         |     0.082 |
|                   ramloop[0].ram.r                 |     0.082 |
|                     prim_init.ram                  |     0.082 |
|         ISB2                                       |     0.085 |
|           U0                                       |     0.085 |
|             inst_blk_mem_gen                       |     0.085 |
|               gnbram.gnativebmg.native_blk_mem_gen |     0.085 |
|                 valid.cstr                         |     0.085 |
|                   ramloop[0].ram.r                 |     0.085 |
|                     prim_init.ram                  |     0.085 |
|         ISB3                                       |     0.090 |
|           U0                                       |     0.090 |
|             inst_blk_mem_gen                       |     0.090 |
|               gnbram.gnativebmg.native_blk_mem_gen |     0.090 |
|                 valid.cstr                         |     0.090 |
|                   ramloop[0].ram.r                 |     0.090 |
|                     prim_init.ram                  |     0.090 |
|         ISB4                                       |     0.085 |
|           U0                                       |     0.085 |
|             inst_blk_mem_gen                       |     0.085 |
|               gnbram.gnativebmg.native_blk_mem_gen |     0.085 |
|                 valid.cstr                         |     0.085 |
|                   ramloop[0].ram.r                 |     0.085 |
|                     prim_init.ram                  |     0.085 |
|         SB0                                        |     0.080 |
|           U0                                       |     0.080 |
|             inst_blk_mem_gen                       |     0.080 |
|               gnbram.gnativebmg.native_blk_mem_gen |     0.080 |
|                 valid.cstr                         |     0.080 |
|                   ramloop[0].ram.r                 |     0.080 |
|                     prim_init.ram                  |     0.080 |
|         SB1                                        |     0.083 |
|           U0                                       |     0.083 |
|             inst_blk_mem_gen                       |     0.083 |
|               gnbram.gnativebmg.native_blk_mem_gen |     0.083 |
|                 valid.cstr                         |     0.083 |
|                   ramloop[0].ram.r                 |     0.083 |
|                     prim_init.ram                  |     0.083 |
|         SB2                                        |     0.093 |
|           U0                                       |     0.093 |
|             inst_blk_mem_gen                       |     0.093 |
|               gnbram.gnativebmg.native_blk_mem_gen |     0.093 |
|                 valid.cstr                         |     0.093 |
|                   ramloop[0].ram.r                 |     0.093 |
|                     prim_init.ram                  |     0.093 |
|         SB3                                        |     0.079 |
|           U0                                       |     0.079 |
|             inst_blk_mem_gen                       |     0.079 |
|               gnbram.gnativebmg.native_blk_mem_gen |     0.079 |
|                 valid.cstr                         |     0.079 |
|                   ramloop[0].ram.r                 |     0.079 |
|                     prim_init.ram                  |     0.079 |
|         SB4                                        |     0.083 |
|           U0                                       |     0.083 |
|             inst_blk_mem_gen                       |     0.083 |
|               gnbram.gnativebmg.native_blk_mem_gen |     0.083 |
|                 valid.cstr                         |     0.083 |
|                   ramloop[0].ram.r                 |     0.083 |
|                     prim_init.ram                  |     0.083 |
|         q10                                        |     0.454 |
|         q11                                        |     0.695 |
|         q12                                        |     0.429 |
|         q13                                        |     0.597 |
|         q14                                        |     0.438 |
|         q15                                        |     0.652 |
|         q5                                         |     0.543 |
|         q6                                         |     0.447 |
|         q7                                         |     0.512 |
|         q8                                         |     0.458 |
|         q9                                         |     0.629 |
|     r2                                             |    50.924 |
|       t1                                           |     4.780 |
|         ISB0                                       |     0.085 |
|           U0                                       |     0.085 |
|             inst_blk_mem_gen                       |     0.085 |
|               gnbram.gnativebmg.native_blk_mem_gen |     0.085 |
|                 valid.cstr                         |     0.085 |
|                   ramloop[0].ram.r                 |     0.085 |
|                     prim_init.ram                  |     0.085 |
|         ISB1                                       |     0.091 |
|           U0                                       |     0.091 |
|             inst_blk_mem_gen                       |     0.091 |
|               gnbram.gnativebmg.native_blk_mem_gen |     0.091 |
|                 valid.cstr                         |     0.091 |
|                   ramloop[0].ram.r                 |     0.091 |
|                     prim_init.ram                  |     0.091 |
|         ISB2                                       |     0.080 |
|           U0                                       |     0.080 |
|             inst_blk_mem_gen                       |     0.080 |
|               gnbram.gnativebmg.native_blk_mem_gen |     0.080 |
|                 valid.cstr                         |     0.080 |
|                   ramloop[0].ram.r                 |     0.080 |
|                     prim_init.ram                  |     0.080 |
|         ISB3                                       |     0.101 |
|           U0                                       |     0.101 |
|             inst_blk_mem_gen                       |     0.101 |
|               gnbram.gnativebmg.native_blk_mem_gen |     0.101 |
|                 valid.cstr                         |     0.101 |
|                   ramloop[0].ram.r                 |     0.101 |
|                     prim_init.ram                  |     0.101 |
|         ISB4                                       |     0.079 |
|           U0                                       |     0.079 |
|             inst_blk_mem_gen                       |     0.079 |
|               gnbram.gnativebmg.native_blk_mem_gen |     0.079 |
|                 valid.cstr                         |     0.079 |
|                   ramloop[0].ram.r                 |     0.079 |
|                     prim_init.ram                  |     0.079 |
|         SB0                                        |     0.079 |
|           U0                                       |     0.079 |
|             inst_blk_mem_gen                       |     0.079 |
|               gnbram.gnativebmg.native_blk_mem_gen |     0.079 |
|                 valid.cstr                         |     0.079 |
|                   ramloop[0].ram.r                 |     0.079 |
|                     prim_init.ram                  |     0.079 |
|         SB1                                        |     0.094 |
|           U0                                       |     0.094 |
|             inst_blk_mem_gen                       |     0.094 |
|               gnbram.gnativebmg.native_blk_mem_gen |     0.094 |
|                 valid.cstr                         |     0.094 |
|                   ramloop[0].ram.r                 |     0.094 |
|                     prim_init.ram                  |     0.094 |
|         SB2                                        |     0.081 |
|           U0                                       |     0.081 |
|             inst_blk_mem_gen                       |     0.081 |
|               gnbram.gnativebmg.native_blk_mem_gen |     0.081 |
|                 valid.cstr                         |     0.081 |
|                   ramloop[0].ram.r                 |     0.081 |
|                     prim_init.ram                  |     0.081 |
|         SB3                                        |     0.100 |
|           U0                                       |     0.100 |
|             inst_blk_mem_gen                       |     0.100 |
|               gnbram.gnativebmg.native_blk_mem_gen |     0.100 |
|                 valid.cstr                         |     0.100 |
|                   ramloop[0].ram.r                 |     0.100 |
|                     prim_init.ram                  |     0.100 |
|         SB4                                        |     0.084 |
|           U0                                       |     0.084 |
|             inst_blk_mem_gen                       |     0.084 |
|               gnbram.gnativebmg.native_blk_mem_gen |     0.084 |
|                 valid.cstr                         |     0.084 |
|                   ramloop[0].ram.r                 |     0.084 |
|                     prim_init.ram                  |     0.084 |
|       t3                                           |    35.815 |
|     r3                                             |    51.541 |
|       t1                                           |     5.022 |
|         ISB0                                       |     0.084 |
|           U0                                       |     0.084 |
|             inst_blk_mem_gen                       |     0.084 |
|               gnbram.gnativebmg.native_blk_mem_gen |     0.084 |
|                 valid.cstr                         |     0.084 |
|                   ramloop[0].ram.r                 |     0.084 |
|                     prim_init.ram                  |     0.084 |
|         ISB1                                       |     0.086 |
|           U0                                       |     0.086 |
|             inst_blk_mem_gen                       |     0.086 |
|               gnbram.gnativebmg.native_blk_mem_gen |     0.086 |
|                 valid.cstr                         |     0.086 |
|                   ramloop[0].ram.r                 |     0.086 |
|                     prim_init.ram                  |     0.086 |
|         ISB2                                       |     0.085 |
|           U0                                       |     0.085 |
|             inst_blk_mem_gen                       |     0.085 |
|               gnbram.gnativebmg.native_blk_mem_gen |     0.085 |
|                 valid.cstr                         |     0.085 |
|                   ramloop[0].ram.r                 |     0.085 |
|                     prim_init.ram                  |     0.085 |
|         ISB3                                       |     0.101 |
|           U0                                       |     0.101 |
|             inst_blk_mem_gen                       |     0.101 |
|               gnbram.gnativebmg.native_blk_mem_gen |     0.101 |
|                 valid.cstr                         |     0.101 |
|                   ramloop[0].ram.r                 |     0.101 |
|                     prim_init.ram                  |     0.101 |
|         ISB4                                       |     0.079 |
|           U0                                       |     0.079 |
|             inst_blk_mem_gen                       |     0.079 |
|               gnbram.gnativebmg.native_blk_mem_gen |     0.079 |
|                 valid.cstr                         |     0.079 |
|                   ramloop[0].ram.r                 |     0.079 |
|                     prim_init.ram                  |     0.079 |
|         SB0                                        |     0.081 |
|           U0                                       |     0.081 |
|             inst_blk_mem_gen                       |     0.081 |
|               gnbram.gnativebmg.native_blk_mem_gen |     0.081 |
|                 valid.cstr                         |     0.081 |
|                   ramloop[0].ram.r                 |     0.081 |
|                     prim_init.ram                  |     0.081 |
|         SB1                                        |     0.099 |
|           U0                                       |     0.099 |
|             inst_blk_mem_gen                       |     0.099 |
|               gnbram.gnativebmg.native_blk_mem_gen |     0.099 |
|                 valid.cstr                         |     0.099 |
|                   ramloop[0].ram.r                 |     0.099 |
|                     prim_init.ram                  |     0.099 |
|         SB2                                        |     0.080 |
|           U0                                       |     0.080 |
|             inst_blk_mem_gen                       |     0.080 |
|               gnbram.gnativebmg.native_blk_mem_gen |     0.080 |
|                 valid.cstr                         |     0.080 |
|                   ramloop[0].ram.r                 |     0.080 |
|                     prim_init.ram                  |     0.080 |
|         SB3                                        |     0.105 |
|           U0                                       |     0.105 |
|             inst_blk_mem_gen                       |     0.105 |
|               gnbram.gnativebmg.native_blk_mem_gen |     0.105 |
|                 valid.cstr                         |     0.105 |
|                   ramloop[0].ram.r                 |     0.105 |
|                     prim_init.ram                  |     0.105 |
|         SB4                                        |     0.080 |
|           U0                                       |     0.080 |
|             inst_blk_mem_gen                       |     0.080 |
|               gnbram.gnativebmg.native_blk_mem_gen |     0.080 |
|                 valid.cstr                         |     0.080 |
|                   ramloop[0].ram.r                 |     0.080 |
|                     prim_init.ram                  |     0.080 |
|       t3                                           |    36.093 |
|     r4                                             |    49.946 |
|       t1                                           |     4.611 |
|         ISB0                                       |     0.085 |
|           U0                                       |     0.085 |
|             inst_blk_mem_gen                       |     0.085 |
|               gnbram.gnativebmg.native_blk_mem_gen |     0.085 |
|                 valid.cstr                         |     0.085 |
|                   ramloop[0].ram.r                 |     0.085 |
|                     prim_init.ram                  |     0.085 |
|         ISB1                                       |     0.084 |
|           U0                                       |     0.084 |
|             inst_blk_mem_gen                       |     0.084 |
|               gnbram.gnativebmg.native_blk_mem_gen |     0.084 |
|                 valid.cstr                         |     0.084 |
|                   ramloop[0].ram.r                 |     0.084 |
|                     prim_init.ram                  |     0.084 |
|         ISB2                                       |     0.083 |
|           U0                                       |     0.083 |
|             inst_blk_mem_gen                       |     0.083 |
|               gnbram.gnativebmg.native_blk_mem_gen |     0.083 |
|                 valid.cstr                         |     0.083 |
|                   ramloop[0].ram.r                 |     0.083 |
|                     prim_init.ram                  |     0.083 |
|         ISB3                                       |     0.089 |
|           U0                                       |     0.089 |
|             inst_blk_mem_gen                       |     0.089 |
|               gnbram.gnativebmg.native_blk_mem_gen |     0.089 |
|                 valid.cstr                         |     0.089 |
|                   ramloop[0].ram.r                 |     0.089 |
|                     prim_init.ram                  |     0.089 |
|         ISB4                                       |     0.083 |
|           U0                                       |     0.083 |
|             inst_blk_mem_gen                       |     0.083 |
|               gnbram.gnativebmg.native_blk_mem_gen |     0.083 |
|                 valid.cstr                         |     0.083 |
|                   ramloop[0].ram.r                 |     0.083 |
|                     prim_init.ram                  |     0.083 |
|         SB0                                        |     0.079 |
|           U0                                       |     0.079 |
|             inst_blk_mem_gen                       |     0.079 |
|               gnbram.gnativebmg.native_blk_mem_gen |     0.079 |
|                 valid.cstr                         |     0.079 |
|                   ramloop[0].ram.r                 |     0.079 |
|                     prim_init.ram                  |     0.079 |
|         SB1                                        |     0.094 |
|           U0                                       |     0.094 |
|             inst_blk_mem_gen                       |     0.094 |
|               gnbram.gnativebmg.native_blk_mem_gen |     0.094 |
|                 valid.cstr                         |     0.094 |
|                   ramloop[0].ram.r                 |     0.094 |
|                     prim_init.ram                  |     0.094 |
|         SB2                                        |     0.083 |
|           U0                                       |     0.083 |
|             inst_blk_mem_gen                       |     0.083 |
|               gnbram.gnativebmg.native_blk_mem_gen |     0.083 |
|                 valid.cstr                         |     0.083 |
|                   ramloop[0].ram.r                 |     0.083 |
|                     prim_init.ram                  |     0.083 |
|         SB3                                        |     0.080 |
|           U0                                       |     0.080 |
|             inst_blk_mem_gen                       |     0.080 |
|               gnbram.gnativebmg.native_blk_mem_gen |     0.080 |
|                 valid.cstr                         |     0.080 |
|                   ramloop[0].ram.r                 |     0.080 |
|                     prim_init.ram                  |     0.080 |
|         SB4                                        |     0.090 |
|           U0                                       |     0.090 |
|             inst_blk_mem_gen                       |     0.090 |
|               gnbram.gnativebmg.native_blk_mem_gen |     0.090 |
|                 valid.cstr                         |     0.090 |
|                   ramloop[0].ram.r                 |     0.090 |
|                     prim_init.ram                  |     0.090 |
|       t3                                           |    34.972 |
|     r5                                             |    51.052 |
|       t1                                           |     4.764 |
|         ISB0                                       |     0.080 |
|           U0                                       |     0.080 |
|             inst_blk_mem_gen                       |     0.080 |
|               gnbram.gnativebmg.native_blk_mem_gen |     0.080 |
|                 valid.cstr                         |     0.080 |
|                   ramloop[0].ram.r                 |     0.080 |
|                     prim_init.ram                  |     0.080 |
|         ISB1                                       |     0.095 |
|           U0                                       |     0.095 |
|             inst_blk_mem_gen                       |     0.095 |
|               gnbram.gnativebmg.native_blk_mem_gen |     0.095 |
|                 valid.cstr                         |     0.095 |
|                   ramloop[0].ram.r                 |     0.095 |
|                     prim_init.ram                  |     0.095 |
|         ISB2                                       |     0.087 |
|           U0                                       |     0.087 |
|             inst_blk_mem_gen                       |     0.087 |
|               gnbram.gnativebmg.native_blk_mem_gen |     0.087 |
|                 valid.cstr                         |     0.087 |
|                   ramloop[0].ram.r                 |     0.087 |
|                     prim_init.ram                  |     0.087 |
|         ISB3                                       |     0.095 |
|           U0                                       |     0.095 |
|             inst_blk_mem_gen                       |     0.095 |
|               gnbram.gnativebmg.native_blk_mem_gen |     0.095 |
|                 valid.cstr                         |     0.095 |
|                   ramloop[0].ram.r                 |     0.095 |
|                     prim_init.ram                  |     0.095 |
|         ISB4                                       |     0.079 |
|           U0                                       |     0.079 |
|             inst_blk_mem_gen                       |     0.079 |
|               gnbram.gnativebmg.native_blk_mem_gen |     0.079 |
|                 valid.cstr                         |     0.079 |
|                   ramloop[0].ram.r                 |     0.079 |
|                     prim_init.ram                  |     0.079 |
|         SB0                                        |     0.085 |
|           U0                                       |     0.085 |
|             inst_blk_mem_gen                       |     0.085 |
|               gnbram.gnativebmg.native_blk_mem_gen |     0.085 |
|                 valid.cstr                         |     0.085 |
|                   ramloop[0].ram.r                 |     0.085 |
|                     prim_init.ram                  |     0.085 |
|         SB1                                        |     0.087 |
|           U0                                       |     0.087 |
|             inst_blk_mem_gen                       |     0.087 |
|               gnbram.gnativebmg.native_blk_mem_gen |     0.087 |
|                 valid.cstr                         |     0.087 |
|                   ramloop[0].ram.r                 |     0.087 |
|                     prim_init.ram                  |     0.087 |
|         SB2                                        |     0.080 |
|           U0                                       |     0.080 |
|             inst_blk_mem_gen                       |     0.080 |
|               gnbram.gnativebmg.native_blk_mem_gen |     0.080 |
|                 valid.cstr                         |     0.080 |
|                   ramloop[0].ram.r                 |     0.080 |
|                     prim_init.ram                  |     0.080 |
|         SB3                                        |     0.081 |
|           U0                                       |     0.081 |
|             inst_blk_mem_gen                       |     0.081 |
|               gnbram.gnativebmg.native_blk_mem_gen |     0.081 |
|                 valid.cstr                         |     0.081 |
|                   ramloop[0].ram.r                 |     0.081 |
|                     prim_init.ram                  |     0.081 |
|         SB4                                        |     0.086 |
|           U0                                       |     0.086 |
|             inst_blk_mem_gen                       |     0.086 |
|               gnbram.gnativebmg.native_blk_mem_gen |     0.086 |
|                 valid.cstr                         |     0.086 |
|                   ramloop[0].ram.r                 |     0.086 |
|                     prim_init.ram                  |     0.086 |
|       t3                                           |    36.002 |
|     r6                                             |    49.497 |
|       t1                                           |     4.676 |
|         ISB0                                       |     0.079 |
|           U0                                       |     0.079 |
|             inst_blk_mem_gen                       |     0.079 |
|               gnbram.gnativebmg.native_blk_mem_gen |     0.079 |
|                 valid.cstr                         |     0.079 |
|                   ramloop[0].ram.r                 |     0.079 |
|                     prim_init.ram                  |     0.079 |
|         ISB1                                       |     0.084 |
|           U0                                       |     0.084 |
|             inst_blk_mem_gen                       |     0.084 |
|               gnbram.gnativebmg.native_blk_mem_gen |     0.084 |
|                 valid.cstr                         |     0.084 |
|                   ramloop[0].ram.r                 |     0.084 |
|                     prim_init.ram                  |     0.084 |
|         ISB2                                       |     0.081 |
|           U0                                       |     0.081 |
|             inst_blk_mem_gen                       |     0.081 |
|               gnbram.gnativebmg.native_blk_mem_gen |     0.081 |
|                 valid.cstr                         |     0.081 |
|                   ramloop[0].ram.r                 |     0.081 |
|                     prim_init.ram                  |     0.081 |
|         ISB3                                       |     0.090 |
|           U0                                       |     0.090 |
|             inst_blk_mem_gen                       |     0.090 |
|               gnbram.gnativebmg.native_blk_mem_gen |     0.090 |
|                 valid.cstr                         |     0.090 |
|                   ramloop[0].ram.r                 |     0.090 |
|                     prim_init.ram                  |     0.090 |
|         ISB4                                       |     0.091 |
|           U0                                       |     0.091 |
|             inst_blk_mem_gen                       |     0.091 |
|               gnbram.gnativebmg.native_blk_mem_gen |     0.091 |
|                 valid.cstr                         |     0.091 |
|                   ramloop[0].ram.r                 |     0.091 |
|                     prim_init.ram                  |     0.091 |
|         SB0                                        |     0.084 |
|           U0                                       |     0.084 |
|             inst_blk_mem_gen                       |     0.084 |
|               gnbram.gnativebmg.native_blk_mem_gen |     0.084 |
|                 valid.cstr                         |     0.084 |
|                   ramloop[0].ram.r                 |     0.084 |
|                     prim_init.ram                  |     0.084 |
|         SB1                                        |     0.079 |
|           U0                                       |     0.079 |
|             inst_blk_mem_gen                       |     0.079 |
|               gnbram.gnativebmg.native_blk_mem_gen |     0.079 |
|                 valid.cstr                         |     0.079 |
|                   ramloop[0].ram.r                 |     0.079 |
|                     prim_init.ram                  |     0.079 |
|         SB2                                        |     0.082 |
|           U0                                       |     0.082 |
|             inst_blk_mem_gen                       |     0.082 |
|               gnbram.gnativebmg.native_blk_mem_gen |     0.082 |
|                 valid.cstr                         |     0.082 |
|                   ramloop[0].ram.r                 |     0.082 |
|                     prim_init.ram                  |     0.082 |
|         SB3                                        |     0.081 |
|           U0                                       |     0.081 |
|             inst_blk_mem_gen                       |     0.081 |
|               gnbram.gnativebmg.native_blk_mem_gen |     0.081 |
|                 valid.cstr                         |     0.081 |
|                   ramloop[0].ram.r                 |     0.081 |
|                     prim_init.ram                  |     0.081 |
|         SB4                                        |     0.083 |
|           U0                                       |     0.083 |
|             inst_blk_mem_gen                       |     0.083 |
|               gnbram.gnativebmg.native_blk_mem_gen |     0.083 |
|                 valid.cstr                         |     0.083 |
|                   ramloop[0].ram.r                 |     0.083 |
|                     prim_init.ram                  |     0.083 |
|       t3                                           |    34.386 |
|     r7                                             |    49.303 |
|       t1                                           |     4.842 |
|         ISB0                                       |     0.081 |
|           U0                                       |     0.081 |
|             inst_blk_mem_gen                       |     0.081 |
|               gnbram.gnativebmg.native_blk_mem_gen |     0.081 |
|                 valid.cstr                         |     0.081 |
|                   ramloop[0].ram.r                 |     0.081 |
|                     prim_init.ram                  |     0.081 |
|         ISB1                                       |     0.104 |
|           U0                                       |     0.104 |
|             inst_blk_mem_gen                       |     0.104 |
|               gnbram.gnativebmg.native_blk_mem_gen |     0.104 |
|                 valid.cstr                         |     0.104 |
|                   ramloop[0].ram.r                 |     0.104 |
|                     prim_init.ram                  |     0.104 |
|         ISB2                                       |     0.078 |
|           U0                                       |     0.078 |
|             inst_blk_mem_gen                       |     0.078 |
|               gnbram.gnativebmg.native_blk_mem_gen |     0.078 |
|                 valid.cstr                         |     0.078 |
|                   ramloop[0].ram.r                 |     0.078 |
|                     prim_init.ram                  |     0.078 |
|         ISB3                                       |     0.115 |
|           U0                                       |     0.115 |
|             inst_blk_mem_gen                       |     0.115 |
|               gnbram.gnativebmg.native_blk_mem_gen |     0.115 |
|                 valid.cstr                         |     0.115 |
|                   ramloop[0].ram.r                 |     0.115 |
|                     prim_init.ram                  |     0.115 |
|         ISB4                                       |     0.090 |
|           U0                                       |     0.090 |
|             inst_blk_mem_gen                       |     0.090 |
|               gnbram.gnativebmg.native_blk_mem_gen |     0.090 |
|                 valid.cstr                         |     0.090 |
|                   ramloop[0].ram.r                 |     0.090 |
|                     prim_init.ram                  |     0.090 |
|         SB0                                        |     0.078 |
|           U0                                       |     0.078 |
|             inst_blk_mem_gen                       |     0.078 |
|               gnbram.gnativebmg.native_blk_mem_gen |     0.078 |
|                 valid.cstr                         |     0.078 |
|                   ramloop[0].ram.r                 |     0.078 |
|                     prim_init.ram                  |     0.078 |
|         SB1                                        |     0.103 |
|           U0                                       |     0.103 |
|             inst_blk_mem_gen                       |     0.103 |
|               gnbram.gnativebmg.native_blk_mem_gen |     0.103 |
|                 valid.cstr                         |     0.103 |
|                   ramloop[0].ram.r                 |     0.103 |
|                     prim_init.ram                  |     0.103 |
|         SB2                                        |     0.080 |
|           U0                                       |     0.080 |
|             inst_blk_mem_gen                       |     0.080 |
|               gnbram.gnativebmg.native_blk_mem_gen |     0.080 |
|                 valid.cstr                         |     0.080 |
|                   ramloop[0].ram.r                 |     0.080 |
|                     prim_init.ram                  |     0.080 |
|         SB3                                        |     0.111 |
|           U0                                       |     0.111 |
|             inst_blk_mem_gen                       |     0.111 |
|               gnbram.gnativebmg.native_blk_mem_gen |     0.111 |
|                 valid.cstr                         |     0.111 |
|                   ramloop[0].ram.r                 |     0.111 |
|                     prim_init.ram                  |     0.111 |
|         SB4                                        |     0.082 |
|           U0                                       |     0.082 |
|             inst_blk_mem_gen                       |     0.082 |
|               gnbram.gnativebmg.native_blk_mem_gen |     0.082 |
|                 valid.cstr                         |     0.082 |
|                   ramloop[0].ram.r                 |     0.082 |
|                     prim_init.ram                  |     0.082 |
|       t3                                           |    33.987 |
|     r8                                             |    50.241 |
|       t1                                           |     4.841 |
|         ISB0                                       |     0.085 |
|           U0                                       |     0.085 |
|             inst_blk_mem_gen                       |     0.085 |
|               gnbram.gnativebmg.native_blk_mem_gen |     0.085 |
|                 valid.cstr                         |     0.085 |
|                   ramloop[0].ram.r                 |     0.085 |
|                     prim_init.ram                  |     0.085 |
|         ISB1                                       |     0.086 |
|           U0                                       |     0.086 |
|             inst_blk_mem_gen                       |     0.086 |
|               gnbram.gnativebmg.native_blk_mem_gen |     0.086 |
|                 valid.cstr                         |     0.086 |
|                   ramloop[0].ram.r                 |     0.086 |
|                     prim_init.ram                  |     0.086 |
|         ISB2                                       |     0.083 |
|           U0                                       |     0.083 |
|             inst_blk_mem_gen                       |     0.083 |
|               gnbram.gnativebmg.native_blk_mem_gen |     0.083 |
|                 valid.cstr                         |     0.083 |
|                   ramloop[0].ram.r                 |     0.083 |
|                     prim_init.ram                  |     0.083 |
|         ISB3                                       |     0.086 |
|           U0                                       |     0.086 |
|             inst_blk_mem_gen                       |     0.086 |
|               gnbram.gnativebmg.native_blk_mem_gen |     0.086 |
|                 valid.cstr                         |     0.086 |
|                   ramloop[0].ram.r                 |     0.086 |
|                     prim_init.ram                  |     0.086 |
|         ISB4                                       |     0.088 |
|           U0                                       |     0.088 |
|             inst_blk_mem_gen                       |     0.088 |
|               gnbram.gnativebmg.native_blk_mem_gen |     0.088 |
|                 valid.cstr                         |     0.088 |
|                   ramloop[0].ram.r                 |     0.088 |
|                     prim_init.ram                  |     0.088 |
|         SB0                                        |     0.081 |
|           U0                                       |     0.081 |
|             inst_blk_mem_gen                       |     0.081 |
|               gnbram.gnativebmg.native_blk_mem_gen |     0.081 |
|                 valid.cstr                         |     0.081 |
|                   ramloop[0].ram.r                 |     0.081 |
|                     prim_init.ram                  |     0.081 |
|         SB1                                        |     0.085 |
|           U0                                       |     0.085 |
|             inst_blk_mem_gen                       |     0.085 |
|               gnbram.gnativebmg.native_blk_mem_gen |     0.085 |
|                 valid.cstr                         |     0.085 |
|                   ramloop[0].ram.r                 |     0.085 |
|                     prim_init.ram                  |     0.085 |
|         SB2                                        |     0.080 |
|           U0                                       |     0.080 |
|             inst_blk_mem_gen                       |     0.080 |
|               gnbram.gnativebmg.native_blk_mem_gen |     0.080 |
|                 valid.cstr                         |     0.080 |
|                   ramloop[0].ram.r                 |     0.080 |
|                     prim_init.ram                  |     0.080 |
|         SB3                                        |     0.083 |
|           U0                                       |     0.083 |
|             inst_blk_mem_gen                       |     0.083 |
|               gnbram.gnativebmg.native_blk_mem_gen |     0.083 |
|                 valid.cstr                         |     0.083 |
|                   ramloop[0].ram.r                 |     0.083 |
|                     prim_init.ram                  |     0.083 |
|         SB4                                        |     0.083 |
|           U0                                       |     0.083 |
|             inst_blk_mem_gen                       |     0.083 |
|               gnbram.gnativebmg.native_blk_mem_gen |     0.083 |
|                 valid.cstr                         |     0.083 |
|                   ramloop[0].ram.r                 |     0.083 |
|                     prim_init.ram                  |     0.083 |
|       t3                                           |    35.093 |
|     r9                                             |    49.916 |
|       t1                                           |     4.522 |
|         ISB0                                       |     0.085 |
|           U0                                       |     0.085 |
|             inst_blk_mem_gen                       |     0.085 |
|               gnbram.gnativebmg.native_blk_mem_gen |     0.085 |
|                 valid.cstr                         |     0.085 |
|                   ramloop[0].ram.r                 |     0.085 |
|                     prim_init.ram                  |     0.085 |
|         ISB1                                       |     0.077 |
|           U0                                       |     0.077 |
|             inst_blk_mem_gen                       |     0.077 |
|               gnbram.gnativebmg.native_blk_mem_gen |     0.077 |
|                 valid.cstr                         |     0.077 |
|                   ramloop[0].ram.r                 |     0.077 |
|                     prim_init.ram                  |     0.077 |
|         ISB2                                       |     0.082 |
|           U0                                       |     0.082 |
|             inst_blk_mem_gen                       |     0.082 |
|               gnbram.gnativebmg.native_blk_mem_gen |     0.082 |
|                 valid.cstr                         |     0.082 |
|                   ramloop[0].ram.r                 |     0.082 |
|                     prim_init.ram                  |     0.082 |
|         ISB3                                       |     0.087 |
|           U0                                       |     0.087 |
|             inst_blk_mem_gen                       |     0.087 |
|               gnbram.gnativebmg.native_blk_mem_gen |     0.087 |
|                 valid.cstr                         |     0.087 |
|                   ramloop[0].ram.r                 |     0.087 |
|                     prim_init.ram                  |     0.087 |
|         ISB4                                       |     0.083 |
|           U0                                       |     0.083 |
|             inst_blk_mem_gen                       |     0.083 |
|               gnbram.gnativebmg.native_blk_mem_gen |     0.083 |
|                 valid.cstr                         |     0.083 |
|                   ramloop[0].ram.r                 |     0.083 |
|                     prim_init.ram                  |     0.083 |
|         SB0                                        |     0.079 |
|           U0                                       |     0.079 |
|             inst_blk_mem_gen                       |     0.079 |
|               gnbram.gnativebmg.native_blk_mem_gen |     0.079 |
|                 valid.cstr                         |     0.079 |
|                   ramloop[0].ram.r                 |     0.079 |
|                     prim_init.ram                  |     0.079 |
|         SB1                                        |     0.078 |
|           U0                                       |     0.078 |
|             inst_blk_mem_gen                       |     0.078 |
|               gnbram.gnativebmg.native_blk_mem_gen |     0.078 |
|                 valid.cstr                         |     0.078 |
|                   ramloop[0].ram.r                 |     0.078 |
|                     prim_init.ram                  |     0.078 |
|         SB2                                        |     0.085 |
|           U0                                       |     0.085 |
|             inst_blk_mem_gen                       |     0.085 |
|               gnbram.gnativebmg.native_blk_mem_gen |     0.085 |
|                 valid.cstr                         |     0.085 |
|                   ramloop[0].ram.r                 |     0.085 |
|                     prim_init.ram                  |     0.085 |
|         SB3                                        |     0.085 |
|           U0                                       |     0.085 |
|             inst_blk_mem_gen                       |     0.085 |
|               gnbram.gnativebmg.native_blk_mem_gen |     0.085 |
|                 valid.cstr                         |     0.085 |
|                   ramloop[0].ram.r                 |     0.085 |
|                     prim_init.ram                  |     0.085 |
|         SB4                                        |     0.091 |
|           U0                                       |     0.091 |
|             inst_blk_mem_gen                       |     0.091 |
|               gnbram.gnativebmg.native_blk_mem_gen |     0.091 |
|                 valid.cstr                         |     0.091 |
|                   ramloop[0].ram.r                 |     0.091 |
|                     prim_init.ram                  |     0.091 |
|       t3                                           |    34.957 |
|   D0                                               |     0.473 |
|     U0                                             |     0.473 |
|       inst_blk_mem_gen                             |     0.473 |
|         gnbram.gnativebmg.native_blk_mem_gen       |     0.473 |
|           valid.cstr                               |     0.473 |
|             ramloop[0].ram.r                       |     0.473 |
|               prim_init.ram                        |     0.473 |
|   DB0                                              |     0.037 |
|   DC0                                              |     0.064 |
|   K0                                               |    11.186 |
|     U0                                             |    11.186 |
|       inst_blk_mem_gen                             |    11.186 |
|         gnbram.gnativebmg.native_blk_mem_gen       |    11.186 |
|           valid.cstr                               |    11.186 |
|             ramloop[0].ram.r                       |    11.186 |
|               prim_init.ram                        |    11.186 |
|   KB0                                              |    26.339 |
|   KC0                                              |     0.844 |
|   U0                                               |     0.873 |
+----------------------------------------------------+-----------+


