Copyright 1986-2017 Xilinx, Inc. All Rights Reserved.
------------------------------------------------------------------------------------
| Tool Version : Vivado v.2017.1 (win64) Build 1846317 Fri Apr 14 18:55:03 MDT 2017
| Date         : Tue Sep  4 04:16:57 2018
| Host         : DESKTOP-GJPCRJL running 64-bit major release  (build 9200)
| Command      : report_control_sets -verbose -file top_control_sets_placed.rpt
| Design       : top
| Device       : xc7a100t
------------------------------------------------------------------------------------

Control Set Information

Table of Contents
-----------------
1. Summary
2. Flip-Flop Distribution
3. Detailed Control Set Information

1. Summary
----------

+----------------------------------------------------------+-------+
|                          Status                          | Count |
+----------------------------------------------------------+-------+
| Number of unique control sets                            |   180 |
| Unused register locations in slices containing registers |   165 |
+----------------------------------------------------------+-------+


2. Flip-Flop Distribution
-------------------------

+--------------+-----------------------+------------------------+-----------------+--------------+
| Clock Enable | Synchronous Set/Reset | Asynchronous Set/Reset | Total Registers | Total Slices |
+--------------+-----------------------+------------------------+-----------------+--------------+
| No           | No                    | No                     |            9487 |         4598 |
| No           | No                    | Yes                    |              36 |           19 |
| No           | Yes                   | No                     |               0 |            0 |
| Yes          | No                    | No                     |            2048 |          353 |
| Yes          | No                    | Yes                    |            2192 |          385 |
| Yes          | Yes                   | No                     |              24 |            7 |
+--------------+-----------------------+------------------------+-----------------+--------------+


3. Detailed Control Set Information
-----------------------------------

+----------------------------------+---------------------------+---------------------------+------------------+----------------+
|           Clock Signal           |       Enable Signal       |      Set/Reset Signal     | Slice Load Count | Bel Load Count |
+----------------------------------+---------------------------+---------------------------+------------------+----------------+
|  AES1/ledDone_reg_i_1_n_6        |                           |                           |                1 |              1 |
|  clk_IBUF_BUFG                   | U1/p_3_in                 | HM1/hashO_reg[1536]_0     |                1 |              1 |
|  clk_IBUF_BUFG                   | U1/bit_count              | U1/baud_count[12]_i_3_n_6 |                1 |              4 |
|  clk_IBUF_BUFG                   | U1/tx_buff[18][5]_i_2_n_6 | U1/tx_buff[18][5]_i_1_n_6 |                2 |              6 |
|  clk_IBUF_BUFG                   | U1/tx_buff[19][5]_i_2_n_6 | U1/tx_buff[19][5]_i_1_n_6 |                2 |              6 |
|  clk_IBUF_BUFG                   | U1/tx_buff[16][5]_i_2_n_6 | U1/tx_buff[16][5]_i_1_n_6 |                1 |              6 |
|  clk_IBUF_BUFG                   |                           |                           |                4 |              6 |
|  clk_IBUF_BUFG                   | U1/tx_buff[17][5]_i_2_n_6 | U1/tx_buff[17][5]_i_1_n_6 |                2 |              6 |
|  clk_IBUF_BUFG                   | U1/byte_count             | U1/baud_count[12]_i_3_n_6 |                2 |              6 |
|  clk_IBUF_BUFG                   | U1/tx_buff[6][6]_i_1_n_6  | U1/baud_count[12]_i_3_n_6 |                3 |              7 |
|  clk_IBUF_BUFG                   | U1/tx_buff[9][6]_i_1_n_6  | U1/baud_count[12]_i_3_n_6 |                2 |              7 |
|  clk_IBUF_BUFG                   | U1/tx_buff[8][6]_i_1_n_6  | U1/baud_count[12]_i_3_n_6 |                2 |              7 |
|  clk_IBUF_BUFG                   | U1/tx_buff[4][6]_i_1_n_6  | U1/baud_count[12]_i_3_n_6 |                2 |              7 |
|  clk_IBUF_BUFG                   | U1/tx_buff[1][6]_i_1_n_6  | U1/baud_count[12]_i_3_n_6 |                2 |              7 |
|  clk_IBUF_BUFG                   | U1/tx_buff[5][6]_i_1_n_6  | U1/baud_count[12]_i_3_n_6 |                2 |              7 |
|  clk_IBUF_BUFG                   | U1/tx_buff[3][6]_i_1_n_6  | U1/baud_count[12]_i_3_n_6 |                2 |              7 |
|  clk_IBUF_BUFG                   | U1/tx_buff[2][6]_i_1_n_6  | U1/baud_count[12]_i_3_n_6 |                2 |              7 |
|  clk_IBUF_BUFG                   | U1/tx_buff[13][6]_i_1_n_6 | U1/baud_count[12]_i_3_n_6 |                2 |              7 |
|  clk_IBUF_BUFG                   | U1/tx_buff[7][6]_i_1_n_6  | U1/baud_count[12]_i_3_n_6 |                3 |              7 |
|  clk_IBUF_BUFG                   | U1/tx_buff[14][6]_i_1_n_6 | U1/baud_count[12]_i_3_n_6 |                2 |              7 |
|  clk_IBUF_BUFG                   | U1/tx_buff[12][6]_i_1_n_6 | U1/baud_count[12]_i_3_n_6 |                2 |              7 |
|  clk_IBUF_BUFG                   | U1/tx_buff[10][6]_i_1_n_6 | U1/baud_count[12]_i_3_n_6 |                3 |              7 |
|  clk_IBUF_BUFG                   | U1/tx_buff[0][6]_i_1_n_6  | U1/baud_count[12]_i_3_n_6 |                3 |              7 |
|  clk_IBUF_BUFG                   | U1/tx_buff[11][6]_i_1_n_6 | U1/baud_count[12]_i_3_n_6 |                3 |              7 |
|  clk_IBUF_BUFG                   | U1/tx_buff[15][6]_i_1_n_6 | U1/baud_count[12]_i_3_n_6 |                3 |              7 |
|  AES1/next_state_reg[7]_i_2_n_6  |                           |                           |                3 |              8 |
|  clk_IBUF_BUFG                   | C0/out[7]_i_1_n_6         | HM1/hashO_reg[1902]_0     |                3 |              8 |
|  clk_IBUF_BUFG                   | C0/msgO_reg[127][0]       | HM1/hashO_reg[344]_0      |                2 |              9 |
|  clk_IBUF_BUFG                   | U1/p_3_in                 | U1/baud_count[12]_i_3_n_6 |                3 |             13 |
|  clk_IBUF_BUFG                   |                           | U1/baud_count[12]_i_3_n_6 |               12 |             18 |
|  clk_IBUF_BUFG                   |                           | HM1/hashO_reg[1902]_0     |                7 |             18 |
|  clk_IBUF_BUFG                   | C0/RAM_reg[30][31][0]     |                           |                6 |             32 |
|  clk_IBUF_BUFG                   | C0/RAM_reg[34][31][0]     |                           |                6 |             32 |
|  clk_IBUF_BUFG                   | C0/RAM_reg[2][31][0]      |                           |                7 |             32 |
|  clk_IBUF_BUFG                   | C0/RAM_reg[40][31][0]     |                           |                6 |             32 |
|  clk_IBUF_BUFG                   | C0/RAM_reg[44][31][0]     |                           |                5 |             32 |
|  clk_IBUF_BUFG                   | C0/RAM_reg[11][31][0]     |                           |                6 |             32 |
|  clk_IBUF_BUFG                   | C0/RAM_reg[3][31][0]      |                           |                4 |             32 |
|  clk_IBUF_BUFG                   | C0/RAM_reg[51][31][0]     |                           |                6 |             32 |
|  clk_IBUF_BUFG                   | C0/RAM_reg[56][31][0]     |                           |                5 |             32 |
|  clk_IBUF_BUFG                   | C0/RAM_reg[58][31][0]     |                           |                5 |             32 |
|  clk_IBUF_BUFG                   | C0/RAM_reg[24][31][0]     |                           |                4 |             32 |
|  clk_IBUF_BUFG                   | C0/RAM_reg[25][31][0]     |                           |                5 |             32 |
|  clk_IBUF_BUFG                   | C0/RAM_reg[27][31][0]     |                           |                6 |             32 |
|  clk_IBUF_BUFG                   | C0/RAM_reg[21][31][0]     |                           |                7 |             32 |
|  clk_IBUF_BUFG                   | C0/RAM_reg[14][31][0]     |                           |                7 |             32 |
|  clk_IBUF_BUFG                   | C0/RAM_reg[26][31][0]     |                           |                4 |             32 |
|  clk_IBUF_BUFG                   | C0/RAM_reg[2][31]_0[0]    |                           |                5 |             32 |
|  clk_IBUF_BUFG                   | C0/RAM_reg[31][31][0]     |                           |                4 |             32 |
|  clk_IBUF_BUFG                   | C0/RAM_reg[33][31][0]     |                           |                6 |             32 |
|  clk_IBUF_BUFG                   | C0/RAM_reg[3][31]_0[0]    |                           |                5 |             32 |
|  clk_IBUF_BUFG                   | C0/RAM_reg[0][31]_0[0]    |                           |                4 |             32 |
|  clk_IBUF_BUFG                   | C0/RAM_reg[41][31][0]     |                           |                5 |             32 |
|  clk_IBUF_BUFG                   | C0/RAM_reg[29][31][0]     |                           |                6 |             32 |
|  clk_IBUF_BUFG                   | C0/RAM_reg[36][31][0]     |                           |                5 |             32 |
|  clk_IBUF_BUFG                   | C0/RAM_reg[42][31][0]     |                           |               11 |             32 |
|  clk_IBUF_BUFG                   | C0/RAM_reg[45][31][0]     |                           |                6 |             32 |
|  clk_IBUF_BUFG                   | C0/RAM_reg[13][31][0]     |                           |                5 |             32 |
|  clk_IBUF_BUFG                   | C0/RAM_reg[52][31][0]     |                           |                5 |             32 |
|  clk_IBUF_BUFG                   | C0/RAM_reg[53][31][0]     |                           |                5 |             32 |
|  clk_IBUF_BUFG                   | C0/RAM_reg[15][31][0]     |                           |                5 |             32 |
|  clk_IBUF_BUFG                   | C0/RAM_reg[57][31][0]     |                           |                4 |             32 |
|  clk_IBUF_BUFG                   | C0/RAM_reg[38][31][0]     |                           |                4 |             32 |
|  clk_IBUF_BUFG                   | C0/RAM_reg[1][31]_0[0]    |                           |                4 |             32 |
|  clk_IBUF_BUFG                   | C0/RAM_reg[59][31][0]     |                           |                5 |             32 |
|  clk_IBUF_BUFG                   | C0/RAM_reg[1][31][0]      |                           |                7 |             32 |
|  clk_IBUF_BUFG                   | C0/RAM_reg[35][31][0]     |                           |                6 |             32 |
|  clk_IBUF_BUFG                   | C0/RAM_reg[23][31][0]     |                           |                5 |             32 |
|  clk_IBUF_BUFG                   | C0/RAM_reg[5][31][0]      |                           |                5 |             32 |
|  clk_IBUF_BUFG                   | C0/RAM_reg[50][31][0]     |                           |                6 |             32 |
|  clk_IBUF_BUFG                   | C0/RAM_reg[16][31][0]     |                           |                6 |             32 |
|  clk_IBUF_BUFG                   | C0/RAM_reg[4][31][0]      |                           |                6 |             32 |
|  clk_IBUF_BUFG                   | C0/RAM_reg[54][31][0]     |                           |                4 |             32 |
|  clk_IBUF_BUFG                   | C0/RAM_reg[37][31][0]     |                           |                7 |             32 |
|  clk_IBUF_BUFG                   | C0/RAM_reg[8][31][0]      |                           |                5 |             32 |
|  clk_IBUF_BUFG                   | C0/RAM_reg[9][31][0]      |                           |                5 |             32 |
|  clk_IBUF_BUFG                   | C0/RAM_reg[6][31][0]      |                           |                4 |             32 |
|  clk_IBUF_BUFG                   | C0/RAM_reg[7][31][0]      |                           |                6 |             32 |
|  clk_IBUF_BUFG                   | C0/RAM_reg[10][31][0]     |                           |                6 |             32 |
|  clk_IBUF_BUFG                   | C0/RAM_reg[0][31][0]      |                           |                7 |             32 |
|  clk_IBUF_BUFG                   | C0/RAM_reg[39][31][0]     |                           |                4 |             32 |
|  clk_IBUF_BUFG                   | C0/RAM_reg[32][31][0]     |                           |                6 |             32 |
|  clk_IBUF_BUFG                   | C0/RAM_reg[19][31][0]     |                           |                8 |             32 |
|  clk_IBUF_BUFG                   | C0/RAM_reg[12][31][0]     |                           |                5 |             32 |
|  clk_IBUF_BUFG                   | C0/RAM_reg[49][31][0]     |                           |                4 |             32 |
|  clk_IBUF_BUFG                   | C0/RAM_reg[48][31][0]     |                           |                6 |             32 |
|  clk_IBUF_BUFG                   | C0/E[0]                   |                           |                6 |             32 |
|  clk_IBUF_BUFG                   | C0/RAM_reg[46][31][0]     |                           |                5 |             32 |
|  clk_IBUF_BUFG                   | C0/RAM_reg[55][31][0]     |                           |                5 |             32 |
|  clk_IBUF_BUFG                   | C0/RAM_reg[22][31][0]     |                           |                6 |             32 |
|  clk_IBUF_BUFG                   | C0/RAM_reg[43][31][0]     |                           |                5 |             32 |
|  clk_IBUF_BUFG                   | C0/RAM_reg[17][31][0]     |                           |                5 |             32 |
|  clk_IBUF_BUFG                   | C0/RAM_reg[47][31][0]     |                           |                5 |             32 |
|  clk_IBUF_BUFG                   | C0/RAM_reg[18][31][0]     |                           |                8 |             32 |
|  clk_IBUF_BUFG                   | C0/RAM_reg[28][31][0]     |                           |                7 |             32 |
|  clk_IBUF_BUFG                   | C0/msgO_reg[127][0]       | HM1/hashO_reg[57]_0       |                8 |             58 |
|  clk_IBUF_BUFG                   | C0/msgO_reg[127][0]       | HM1/hashO_reg[118]_0      |                8 |             61 |
|  clk_IBUF_BUFG                   | C0/hashO_reg[1919][0]     | HM1/hashO_reg[118]_0      |                9 |             61 |
|  clk_IBUF_BUFG                   | C0/hashO_reg[1919][0]     | HM1/hashO_reg[57]_0       |               10 |             64 |
|  clk_IBUF_BUFG                   | C0/hashO_reg[1919][0]     | HM1/hashO_reg[1902]_0     |               17 |             96 |
|  clk_IBUF_BUFG                   | C0/hashO_reg[1919][0]     | HM1/hashO_reg[344]_0      |               17 |            113 |
|  clk_IBUF_BUFG                   | C0/hashO_reg[1919][0]     | HM1/hashO[1779]_i_1_n_6   |               23 |            122 |
|  clk_IBUF_BUFG                   | C0/hashO_reg[1919][0]     | HM1/hashO[1901]_i_1_n_6   |               21 |            122 |
|  clk_IBUF_BUFG                   | C0/hashO_reg[1919][0]     | HM1/hashO[511]_i_1_n_6    |               21 |            122 |
|  clk_IBUF_BUFG                   | C0/hashO_reg[1919][0]     | HM1/hashO[975]_i_1_n_6    |               22 |            122 |
|  clk_IBUF_BUFG                   | C0/hashO_reg[1919][0]     | HM1/hashO[1023]_i_1_n_6   |               18 |            122 |
|  clk_IBUF_BUFG                   | C0/hashO_reg[1919][0]     | HM1/hashO[1251]_i_1_n_6   |               22 |            122 |
|  clk_IBUF_BUFG                   | C0/hashO_reg[1919][0]     | HM1/hashO[1495]_i_1_n_6   |               20 |            122 |
|  clk_IBUF_BUFG                   | C0/hashO_reg[1919][0]     | HM1/hashO[1535]_i_1_n_6   |               18 |            122 |
|  clk_IBUF_BUFG                   | C0/hashO_reg[1919][0]     | HM1/hashO[767]_i_1_n_6    |               17 |            122 |
|  clk_IBUF_BUFG                   | C0/hashO_reg[1919][0]     | HM1/hashO_reg[1536]_0     |               19 |            122 |
|  clk_IBUF_BUFG                   | C0/hashO_reg[1919][0]     | HM1/hashO[255]_i_1_n_6    |               19 |            122 |
|  clk_IBUF_BUFG                   | C0/hashO_reg[1919][0]     | HM1/hashO[639]_i_1_n_6    |               23 |            122 |
|  clk_IBUF_BUFG                   | C0/hashO_reg[1919][0]     | HM1/hashO[1279]_i_1_n_6   |               23 |            122 |
|  AES1/d8                         |                           |                           |               41 |            128 |
|  AES1/d9                         |                           |                           |               56 |            128 |
|  AES1/plaintext_reg[127]_i_1_n_6 |                           |                           |               37 |            128 |
|  AES1/tempRow                    |                           |                           |               38 |            128 |
|  AES1/tempRow11                  |                           |                           |               48 |            128 |
|  AES1/tempRow12                  |                           |                           |               46 |            128 |
|  AES1/tempRow13                  |                           |                           |               59 |            128 |
|  AES1/tempRow3                   |                           |                           |               45 |            128 |
|  AES1/tempRow4                   |                           |                           |               39 |            128 |
|  AES1/tempRow5                   |                           |                           |               36 |            128 |
|  tempRow9                        |                           |                           |               43 |            128 |
|  AES1/d5                         |                           |                           |               69 |            128 |
|  AES1/d12                        |                           |                           |               51 |            128 |
|  AES1/d13                        |                           |                           |               65 |            128 |
|  AES1/d14                        |                           |                           |               52 |            128 |
|  AES1/d15                        |                           |                           |               56 |            128 |
|  AES1/d                          |                           |                           |               43 |            128 |
|  AES1/d1                         |                           |                           |               63 |            128 |
|  AES1/d10                        |                           |                           |               39 |            128 |
|  AES1/d11                        |                           |                           |               55 |            128 |
|  AES1/d26                        |                           |                           |               39 |            128 |
|  AES1/d3                         |                           |                           |               62 |            128 |
|  AES1/d22                        |                           |                           |               52 |            128 |
|  AES1/d23                        |                           |                           |               60 |            128 |
|  AES1/d24                        |                           |                           |               53 |            128 |
|  AES1/d25                        |                           |                           |               78 |            128 |
|  AES1/d18                        |                           |                           |               41 |            128 |
|  AES1/d19                        |                           |                           |               62 |            128 |
|  AES1/d2                         |                           |                           |               56 |            128 |
|  AES1/d20                        |                           |                           |               47 |            128 |
|  AES1/d21                        |                           |                           |               70 |            128 |
|  AES1/d16                        |                           |                           |               56 |            128 |
|  AES1/d17                        |                           |                           |               70 |            128 |
|  AES1/d4                         |                           |                           |               54 |            128 |
|  AES1/d6                         |                           |                           |               41 |            128 |
|  AES1/d7                         |                           |                           |               43 |            128 |
|  tempRow1                        |                           |                           |               49 |            128 |
|  tempRow2                        |                           |                           |               57 |            128 |
|  tempRow10                       |                           |                           |               36 |            128 |
|  AES1/tempRow6                   |                           |                           |               41 |            128 |
|  AES1/tempRow7                   |                           |                           |               50 |            128 |
|  AES1/tempRow8                   |                           |                           |               48 |            128 |
|  AES1/tempSbox                   |                           |                           |              128 |            128 |
|  AES1/tempSbox10                 |                           |                           |              128 |            128 |
|  AES1/tempSbox11                 |                           |                           |              128 |            128 |
|  AES1/tempSbox1                  |                           |                           |              128 |            128 |
|  AES1/tempSbox12                 |                           |                           |              128 |            128 |
|  AES1/tempSbox13                 |                           |                           |              128 |            128 |
|  AES1/tempSbox2                  |                           |                           |              128 |            128 |
|  AES1/tempSbox3                  |                           |                           |              128 |            128 |
|  AES1/tempSbox4                  |                           |                           |              128 |            128 |
|  AES1/tempSbox7                  |                           |                           |              128 |            128 |
|  AES1/tempSbox8                  |                           |                           |              128 |            128 |
|  AES1/tempSbox9                  |                           |                           |              128 |            128 |
|  AES1/tempStart                  |                           |                           |               39 |            128 |
|  AES1/w1                         |                           |                           |               42 |            128 |
|  AES1/w                          |                           |                           |               36 |            128 |
|  AES1/tempSbox5                  |                           |                           |              128 |            128 |
|  AES1/tempSbox6                  |                           |                           |              128 |            128 |
|  n_4_26_BUFG                     |                           |                           |               73 |            256 |
|  n_2_24_BUFG                     |                           |                           |               74 |            256 |
|  k                               |                           |                           |               70 |            256 |
|  n_1_23_BUFG                     |                           |                           |               70 |            256 |
|  n_3_25_BUFG                     |                           |                           |               69 |            256 |
|  n_5_27_BUFG                     |                           |                           |               70 |            256 |
|  n_0_95_BUFG                     |                           |                           |              109 |            384 |
+----------------------------------+---------------------------+---------------------------+------------------+----------------+


+--------+-----------------------+
| Fanout | Number of ControlSets |
+--------+-----------------------+
| 1      |                     2 |
| 4      |                     1 |
| 6      |                     6 |
| 7      |                    16 |
| 8      |                     2 |
| 9      |                     1 |
| 13     |                     1 |
| 16+    |                   151 |
+--------+-----------------------+


